     1 00000000                                 [FORMAT "WCOFF"]
     2 00000000                                 [INSTRSET "i486p"]
     3 00000000                                 [OPTIMIZE 1]
     4 00000000                                 [OPTION 1]
     5 00000000                                 [BITS 32]
     6 00000000                                 	EXTERN	_memman_alloc_4k
     7 00000000                                 	EXTERN	_sheet_updown
     8 00000000                                 	EXTERN	_sheet_refresh
     9 00000000                                 	EXTERN	_sheet_alloc
    10 00000000                                 	EXTERN	_sheet_setbuf
    11 00000000                                 	EXTERN	_boxfill8
    12 00000000                                 	EXTERN	_putfonts8_asc
    13 00000000                                 	EXTERN	_sheet_slide
    14 00000000                                 	EXTERN	_shtctl_init
    15 00000000                                 	EXTERN	_sheet_free
    16 00000000                                 	EXTERN	_memman_free_4k
    17 00000000                                 [FILE "button.c"]
    18                                          [SECTION .text]
    19 00000000                                 	GLOBAL	_make_button
    20 00000000                                 _make_button:
    21 00000000 55                              	PUSH	EBP
    22 00000001 89 E5                           	MOV	EBP,ESP
    23 00000003 6A 28                           	PUSH	40
    24 00000005 FF 75 08                        	PUSH	DWORD [8+EBP]
    25 00000008 E8 [00000000]                   	CALL	_memman_alloc_4k
    26 0000000D 8B 55 1C                        	MOV	EDX,DWORD [28+EBP]
    27 00000010 89 10                           	MOV	DWORD [EAX],EDX
    28 00000012 8B 55 10                        	MOV	EDX,DWORD [16+EBP]
    29 00000015 89 50 0C                        	MOV	DWORD [12+EAX],EDX
    30 00000018 8B 55 0C                        	MOV	EDX,DWORD [12+EBP]
    31 0000001B 89 50 10                        	MOV	DWORD [16+EAX],EDX
    32 0000001E 8B 55 14                        	MOV	EDX,DWORD [20+EBP]
    33 00000021 89 50 04                        	MOV	DWORD [4+EAX],EDX
    34 00000024 8B 55 18                        	MOV	EDX,DWORD [24+EBP]
    35 00000027 89 50 08                        	MOV	DWORD [8+EAX],EDX
    36 0000002A 8B 55 20                        	MOV	EDX,DWORD [32+EBP]
    37 0000002D C6 40 20 00                     	MOV	BYTE [32+EAX],0
    38 00000031 C6 40 21 00                     	MOV	BYTE [33+EAX],0
    39 00000035 89 50 18                        	MOV	DWORD [24+EAX],EDX
    40 00000038 8B 55 24                        	MOV	EDX,DWORD [36+EBP]
    41 0000003B C7 40 14 FFFFFFFF               	MOV	DWORD [20+EAX],-1
    42 00000042 89 50 24                        	MOV	DWORD [36+EAX],EDX
    43 00000045 C9                              	LEAVE
    44 00000046 C3                              	RET
    45 00000047                                 	GLOBAL	_show_button
    46 00000047                                 _show_button:
    47 00000047 55                              	PUSH	EBP
    48 00000048 89 E5                           	MOV	EBP,ESP
    49 0000004A 57                              	PUSH	EDI
    50 0000004B 56                              	PUSH	ESI
    51 0000004C 8B 75 10                        	MOV	ESI,DWORD [16+EBP]
    52 0000004F 53                              	PUSH	EBX
    53 00000050 8B 7D 0C                        	MOV	EDI,DWORD [12+EBP]
    54 00000053 8B 5D 08                        	MOV	EBX,DWORD [8+EBP]
    55 00000056 83 7E 14 FF                     	CMP	DWORD [20+ESI],-1
    56 0000005A C6 46 21 01                     	MOV	BYTE [33+ESI],1
    57 0000005E 74 33                           	JE	L3
    58 00000060 8B 56 1C                        	MOV	EDX,DWORD [28+ESI]
    59 00000063 C7 46 14 00000001               	MOV	DWORD [20+ESI],1
    60 0000006A 8B 42 20                        	MOV	EAX,DWORD [32+EDX]
    61 0000006D 8B 40 10                        	MOV	EAX,DWORD [16+EAX]
    62 00000070 40                              	INC	EAX
    63 00000071 50                              	PUSH	EAX
    64 00000072 52                              	PUSH	EDX
    65 00000073 E8 [00000000]                   	CALL	_sheet_updown
    66 00000078 8B 46 1C                        	MOV	EAX,DWORD [28+ESI]
    67 0000007B FF 70 08                        	PUSH	DWORD [8+EAX]
    68 0000007E FF 70 04                        	PUSH	DWORD [4+EAX]
    69 00000081 6A 00                           	PUSH	0
    70 00000083 6A 00                           	PUSH	0
    71 00000085 50                              	PUSH	EAX
    72 00000086 E8 [00000000]                   	CALL	_sheet_refresh
    73 0000008B                                 L2:
    74 0000008B 8D 65 F4                        	LEA	ESP,DWORD [-12+EBP]
    75 0000008E 5B                              	POP	EBX
    76 0000008F 5E                              	POP	ESI
    77 00000090 5F                              	POP	EDI
    78 00000091 5D                              	POP	EBP
    79 00000092 C3                              	RET
    80 00000093                                 L3:
    81 00000093 83 7B 24 00                     	CMP	DWORD [36+EBX],0
    82 00000097 0F 84 00000172                  	JE	L8
    83 0000009D                                 L4:
    84 0000009D FF 73 24                        	PUSH	DWORD [36+EBX]
    85 000000A0 E8 [00000000]                   	CALL	_sheet_alloc
    86 000000A5 89 C3                           	MOV	EBX,EAX
    87 000000A7 8B 46 10                        	MOV	EAX,DWORD [16+ESI]
    88 000000AA 0F AF 46 0C                     	IMUL	EAX,DWORD [12+ESI]
    89 000000AE C1 E0 02                        	SAL	EAX,2
    90 000000B1 50                              	PUSH	EAX
    91 000000B2 57                              	PUSH	EDI
    92 000000B3 E8 [00000000]                   	CALL	_memman_alloc_4k
    93 000000B8 6A FF                           	PUSH	-1
    94 000000BA FF 76 0C                        	PUSH	DWORD [12+ESI]
    95 000000BD FF 76 10                        	PUSH	DWORD [16+ESI]
    96 000000C0 50                              	PUSH	EAX
    97 000000C1 53                              	PUSH	EBX
    98 000000C2 E8 [00000000]                   	CALL	_sheet_setbuf
    99 000000C7 83 C4 20                        	ADD	ESP,32
   100 000000CA C7 43 1C 00000069               	MOV	DWORD [28+EBX],105
   101 000000D1 8B 46 0C                        	MOV	EAX,DWORD [12+ESI]
   102 000000D4 89 73 2C                        	MOV	DWORD [44+EBX],ESI
   103 000000D7 48                              	DEC	EAX
   104 000000D8 89 5E 1C                        	MOV	DWORD [28+ESI],EBX
   105 000000DB 50                              	PUSH	EAX
   106 000000DC 8B 56 10                        	MOV	EDX,DWORD [16+ESI]
   107 000000DF 8D 42 FF                        	LEA	EAX,DWORD [-1+EDX]
   108 000000E2 50                              	PUSH	EAX
   109 000000E3 6A 00                           	PUSH	0
   110 000000E5 6A 00                           	PUSH	0
   111 000000E7 FF 76 18                        	PUSH	DWORD [24+ESI]
   112 000000EA 52                              	PUSH	EDX
   113 000000EB FF 33                           	PUSH	DWORD [EBX]
   114 000000ED E8 [00000000]                   	CALL	_boxfill8
   115 000000F2 8B 46 0C                        	MOV	EAX,DWORD [12+ESI]
   116 000000F5 48                              	DEC	EAX
   117 000000F6 50                              	PUSH	EAX
   118 000000F7 6A 00                           	PUSH	0
   119 000000F9 6A 00                           	PUSH	0
   120 000000FB 6A 00                           	PUSH	0
   121 000000FD 68 00FFFFFF                     	PUSH	16777215
   122 00000102 FF 76 10                        	PUSH	DWORD [16+ESI]
   123 00000105 8B 46 1C                        	MOV	EAX,DWORD [28+ESI]
   124 00000108 FF 30                           	PUSH	DWORD [EAX]
   125 0000010A E8 [00000000]                   	CALL	_boxfill8
   126 0000010F 83 C4 38                        	ADD	ESP,56
   127 00000112 6A 00                           	PUSH	0
   128 00000114 8B 56 10                        	MOV	EDX,DWORD [16+ESI]
   129 00000117 8D 42 FF                        	LEA	EAX,DWORD [-1+EDX]
   130 0000011A 50                              	PUSH	EAX
   131 0000011B 6A 00                           	PUSH	0
   132 0000011D 6A 00                           	PUSH	0
   133 0000011F 68 00FFFFFF                     	PUSH	16777215
   134 00000124 52                              	PUSH	EDX
   135 00000125 8B 46 1C                        	MOV	EAX,DWORD [28+ESI]
   136 00000128 FF 30                           	PUSH	DWORD [EAX]
   137 0000012A E8 [00000000]                   	CALL	_boxfill8
   138 0000012F 8B 46 0C                        	MOV	EAX,DWORD [12+ESI]
   139 00000132 48                              	DEC	EAX
   140 00000133 50                              	PUSH	EAX
   141 00000134 8B 56 10                        	MOV	EDX,DWORD [16+ESI]
   142 00000137 8D 42 FF                        	LEA	EAX,DWORD [-1+EDX]
   143 0000013A 50                              	PUSH	EAX
   144 0000013B 8D 42 FE                        	LEA	EAX,DWORD [-2+EDX]
   145 0000013E 6A 00                           	PUSH	0
   146 00000140 50                              	PUSH	EAX
   147 00000141 68 00848484                     	PUSH	8684676
   148 00000146 52                              	PUSH	EDX
   149 00000147 8B 46 1C                        	MOV	EAX,DWORD [28+ESI]
   150 0000014A FF 30                           	PUSH	DWORD [EAX]
   151 0000014C E8 [00000000]                   	CALL	_boxfill8
   152 00000151 8B 56 0C                        	MOV	EDX,DWORD [12+ESI]
   153 00000154 83 C4 38                        	ADD	ESP,56
   154 00000157 83 EA 02                        	SUB	EDX,2
   155 0000015A 52                              	PUSH	EDX
   156 0000015B 8B 4E 10                        	MOV	ECX,DWORD [16+ESI]
   157 0000015E 8D 41 FF                        	LEA	EAX,DWORD [-1+ECX]
   158 00000161 50                              	PUSH	EAX
   159 00000162 52                              	PUSH	EDX
   160 00000163 6A 00                           	PUSH	0
   161 00000165 68 00848484                     	PUSH	8684676
   162 0000016A 51                              	PUSH	ECX
   163 0000016B 8B 46 1C                        	MOV	EAX,DWORD [28+ESI]
   164 0000016E FF 30                           	PUSH	DWORD [EAX]
   165 00000170 E8 [00000000]                   	CALL	_boxfill8
   166 00000175 8B 46 0C                        	MOV	EAX,DWORD [12+ESI]
   167 00000178 48                              	DEC	EAX
   168 00000179 50                              	PUSH	EAX
   169 0000017A 8B 56 10                        	MOV	EDX,DWORD [16+ESI]
   170 0000017D 8D 42 FF                        	LEA	EAX,DWORD [-1+EDX]
   171 00000180 50                              	PUSH	EAX
   172 00000181 6A 00                           	PUSH	0
   173 00000183 50                              	PUSH	EAX
   174 00000184 6A 00                           	PUSH	0
   175 00000186 52                              	PUSH	EDX
   176 00000187 8B 46 1C                        	MOV	EAX,DWORD [28+ESI]
   177 0000018A FF 30                           	PUSH	DWORD [EAX]
   178 0000018C E8 [00000000]                   	CALL	_boxfill8
   179 00000191 8B 56 0C                        	MOV	EDX,DWORD [12+ESI]
   180 00000194 83 C4 38                        	ADD	ESP,56
   181 00000197 4A                              	DEC	EDX
   182 00000198 52                              	PUSH	EDX
   183 00000199 8B 4E 10                        	MOV	ECX,DWORD [16+ESI]
   184 0000019C 8D 41 FF                        	LEA	EAX,DWORD [-1+ECX]
   185 0000019F 50                              	PUSH	EAX
   186 000001A0 52                              	PUSH	EDX
   187 000001A1 6A 00                           	PUSH	0
   188 000001A3 6A 00                           	PUSH	0
   189 000001A5 51                              	PUSH	ECX
   190 000001A6 8B 46 1C                        	MOV	EAX,DWORD [28+ESI]
   191 000001A9 FF 30                           	PUSH	DWORD [EAX]
   192 000001AB E8 [00000000]                   	CALL	_boxfill8
   193 000001B0 BA 00000002                     	MOV	EDX,2
   194 000001B5 FF 36                           	PUSH	DWORD [ESI]
   195 000001B7 6A 00                           	PUSH	0
   196 000001B9 89 D1                           	MOV	ECX,EDX
   197 000001BB 8B 46 0C                        	MOV	EAX,DWORD [12+ESI]
   198 000001BE 99                              	CDQ
   199 000001BF F7 F9                           	IDIV	ECX
   200 000001C1 83 E8 08                        	SUB	EAX,8
   201 000001C4 50                              	PUSH	EAX
   202 000001C5 6A 02                           	PUSH	2
   203 000001C7 FF 76 10                        	PUSH	DWORD [16+ESI]
   204 000001CA 8B 46 1C                        	MOV	EAX,DWORD [28+ESI]
   205 000001CD FF 30                           	PUSH	DWORD [EAX]
   206 000001CF E8 [00000000]                   	CALL	_putfonts8_asc
   207 000001D4 83 C4 34                        	ADD	ESP,52
   208 000001D7 FF 76 08                        	PUSH	DWORD [8+ESI]
   209 000001DA FF 76 04                        	PUSH	DWORD [4+ESI]
   210 000001DD FF 76 1C                        	PUSH	DWORD [28+ESI]
   211 000001E0 E8 [00000000]                   	CALL	_sheet_slide
   212 000001E5 83 C4 0C                        	ADD	ESP,12
   213 000001E8 8B 56 1C                        	MOV	EDX,DWORD [28+ESI]
   214 000001EB 8B 42 20                        	MOV	EAX,DWORD [32+EDX]
   215 000001EE 8B 40 10                        	MOV	EAX,DWORD [16+EAX]
   216 000001F1 85 C0                           	TEST	EAX,EAX
   217 000001F3 78 16                           	JS	L9
   218 000001F5 40                              	INC	EAX
   219 000001F6 50                              	PUSH	EAX
   220 000001F7                                 L7:
   221 000001F7 52                              	PUSH	EDX
   222 000001F8 E8 [00000000]                   	CALL	_sheet_updown
   223 000001FD 58                              	POP	EAX
   224 000001FE 5A                              	POP	EDX
   225 000001FF C7 46 14 00000001               	MOV	DWORD [20+ESI],1
   226 00000206 E9 FFFFFE80                     	JMP	L2
   227 0000020B                                 L9:
   228 0000020B 6A 00                           	PUSH	0
   229 0000020D EB E8                           	JMP	L7
   230 0000020F                                 L8:
   231 0000020F FF 73 08                        	PUSH	DWORD [8+EBX]
   232 00000212 FF 73 04                        	PUSH	DWORD [4+EBX]
   233 00000215 FF 33                           	PUSH	DWORD [EBX]
   234 00000217 57                              	PUSH	EDI
   235 00000218 E8 [00000000]                   	CALL	_shtctl_init
   236 0000021D 83 C4 10                        	ADD	ESP,16
   237 00000220 89 43 24                        	MOV	DWORD [36+EBX],EAX
   238 00000223 89 58 14                        	MOV	DWORD [20+EAX],EBX
   239 00000226 E9 FFFFFE72                     	JMP	L4
   240 0000022B                                 	GLOBAL	_change_button
   241 0000022B                                 _change_button:
   242 0000022B 55                              	PUSH	EBP
   243 0000022C 89 E5                           	MOV	EBP,ESP
   244 0000022E 53                              	PUSH	EBX
   245 0000022F 8B 5D 08                        	MOV	EBX,DWORD [8+EBP]
   246 00000232 8B 55 10                        	MOV	EDX,DWORD [16+EBP]
   247 00000235 38 53 20                        	CMP	BYTE [32+EBX],DL
   248 00000238 0F 84 00000147                  	JE	L10
   249 0000023E 80 7B 21 00                     	CMP	BYTE [33+EBX],0
   250 00000242 0F 84 0000013D                  	JE	L10
   251 00000248 84 D2                           	TEST	DL,DL
   252 0000024A 0F 85 0000013A                  	JNE	L13
   253 00000250 C6 43 20 00                     	MOV	BYTE [32+EBX],0
   254 00000254 FF 73 0C                        	PUSH	DWORD [12+EBX]
   255 00000257 FF 73 10                        	PUSH	DWORD [16+EBX]
   256 0000025A 6A 00                           	PUSH	0
   257 0000025C 6A 00                           	PUSH	0
   258 0000025E FF 73 18                        	PUSH	DWORD [24+EBX]
   259 00000261 FF 73 10                        	PUSH	DWORD [16+EBX]
   260 00000264 8B 43 1C                        	MOV	EAX,DWORD [28+EBX]
   261 00000267 FF 30                           	PUSH	DWORD [EAX]
   262 00000269 E8 [00000000]                   	CALL	_boxfill8
   263 0000026E 8B 43 0C                        	MOV	EAX,DWORD [12+EBX]
   264 00000271 48                              	DEC	EAX
   265 00000272 50                              	PUSH	EAX
   266 00000273 6A 00                           	PUSH	0
   267 00000275 6A 00                           	PUSH	0
   268 00000277 6A 00                           	PUSH	0
   269 00000279 68 00FFFFFF                     	PUSH	16777215
   270 0000027E FF 73 10                        	PUSH	DWORD [16+EBX]
   271 00000281 8B 43 1C                        	MOV	EAX,DWORD [28+EBX]
   272 00000284 FF 30                           	PUSH	DWORD [EAX]
   273 00000286 E8 [00000000]                   	CALL	_boxfill8
   274 0000028B 83 C4 38                        	ADD	ESP,56
   275 0000028E 6A 00                           	PUSH	0
   276 00000290 8B 53 10                        	MOV	EDX,DWORD [16+EBX]
   277 00000293 8D 42 FF                        	LEA	EAX,DWORD [-1+EDX]
   278 00000296 50                              	PUSH	EAX
   279 00000297 6A 00                           	PUSH	0
   280 00000299 6A 00                           	PUSH	0
   281 0000029B 68 00FFFFFF                     	PUSH	16777215
   282 000002A0 52                              	PUSH	EDX
   283 000002A1 8B 43 1C                        	MOV	EAX,DWORD [28+EBX]
   284 000002A4 FF 30                           	PUSH	DWORD [EAX]
   285 000002A6 E8 [00000000]                   	CALL	_boxfill8
   286 000002AB 8B 43 0C                        	MOV	EAX,DWORD [12+EBX]
   287 000002AE 48                              	DEC	EAX
   288 000002AF 50                              	PUSH	EAX
   289 000002B0 8B 53 10                        	MOV	EDX,DWORD [16+EBX]
   290 000002B3 8D 42 FF                        	LEA	EAX,DWORD [-1+EDX]
   291 000002B6 50                              	PUSH	EAX
   292 000002B7 8D 42 FE                        	LEA	EAX,DWORD [-2+EDX]
   293 000002BA 6A 00                           	PUSH	0
   294 000002BC 50                              	PUSH	EAX
   295 000002BD 68 00848484                     	PUSH	8684676
   296 000002C2 52                              	PUSH	EDX
   297 000002C3 8B 43 1C                        	MOV	EAX,DWORD [28+EBX]
   298 000002C6 FF 30                           	PUSH	DWORD [EAX]
   299 000002C8 E8 [00000000]                   	CALL	_boxfill8
   300 000002CD 8B 53 0C                        	MOV	EDX,DWORD [12+EBX]
   301 000002D0 83 C4 38                        	ADD	ESP,56
   302 000002D3 83 EA 02                        	SUB	EDX,2
   303 000002D6 52                              	PUSH	EDX
   304 000002D7 8B 4B 10                        	MOV	ECX,DWORD [16+EBX]
   305 000002DA 8D 41 FF                        	LEA	EAX,DWORD [-1+ECX]
   306 000002DD 50                              	PUSH	EAX
   307 000002DE 52                              	PUSH	EDX
   308 000002DF 6A 00                           	PUSH	0
   309 000002E1 68 00848484                     	PUSH	8684676
   310 000002E6 51                              	PUSH	ECX
   311 000002E7 8B 43 1C                        	MOV	EAX,DWORD [28+EBX]
   312 000002EA FF 30                           	PUSH	DWORD [EAX]
   313 000002EC E8 [00000000]                   	CALL	_boxfill8
   314 000002F1 8B 43 0C                        	MOV	EAX,DWORD [12+EBX]
   315 000002F4 48                              	DEC	EAX
   316 000002F5 50                              	PUSH	EAX
   317 000002F6 8B 53 10                        	MOV	EDX,DWORD [16+EBX]
   318 000002F9 8D 42 FF                        	LEA	EAX,DWORD [-1+EDX]
   319 000002FC 50                              	PUSH	EAX
   320 000002FD 6A 00                           	PUSH	0
   321 000002FF 50                              	PUSH	EAX
   322 00000300 6A 00                           	PUSH	0
   323 00000302 52                              	PUSH	EDX
   324 00000303 8B 43 1C                        	MOV	EAX,DWORD [28+EBX]
   325 00000306 FF 30                           	PUSH	DWORD [EAX]
   326 00000308 E8 [00000000]                   	CALL	_boxfill8
   327 0000030D 8B 53 0C                        	MOV	EDX,DWORD [12+EBX]
   328 00000310 83 C4 38                        	ADD	ESP,56
   329 00000313 4A                              	DEC	EDX
   330 00000314 52                              	PUSH	EDX
   331 00000315 8B 4B 10                        	MOV	ECX,DWORD [16+EBX]
   332 00000318 8D 41 FF                        	LEA	EAX,DWORD [-1+ECX]
   333 0000031B 50                              	PUSH	EAX
   334 0000031C 52                              	PUSH	EDX
   335 0000031D 6A 00                           	PUSH	0
   336 0000031F 6A 00                           	PUSH	0
   337 00000321                                 L15:
   338 00000321 51                              	PUSH	ECX
   339 00000322 8B 43 1C                        	MOV	EAX,DWORD [28+EBX]
   340 00000325 FF 30                           	PUSH	DWORD [EAX]
   341 00000327 E8 [00000000]                   	CALL	_boxfill8
   342 0000032C BA 00000002                     	MOV	EDX,2
   343 00000331 FF 33                           	PUSH	DWORD [EBX]
   344 00000333 6A 00                           	PUSH	0
   345 00000335 89 D1                           	MOV	ECX,EDX
   346 00000337 8B 43 0C                        	MOV	EAX,DWORD [12+EBX]
   347 0000033A 99                              	CDQ
   348 0000033B F7 F9                           	IDIV	ECX
   349 0000033D 83 E8 08                        	SUB	EAX,8
   350 00000340 50                              	PUSH	EAX
   351 00000341 6A 02                           	PUSH	2
   352 00000343 FF 73 10                        	PUSH	DWORD [16+EBX]
   353 00000346 8B 43 1C                        	MOV	EAX,DWORD [28+EBX]
   354 00000349 FF 30                           	PUSH	DWORD [EAX]
   355 0000034B E8 [00000000]                   	CALL	_putfonts8_asc
   356 00000350 8B 43 1C                        	MOV	EAX,DWORD [28+EBX]
   357 00000353 83 C4 34                        	ADD	ESP,52
   358 00000356 FF 70 08                        	PUSH	DWORD [8+EAX]
   359 00000359 FF 70 04                        	PUSH	DWORD [4+EAX]
   360 0000035C 6A 00                           	PUSH	0
   361 0000035E 6A 00                           	PUSH	0
   362 00000360 50                              	PUSH	EAX
   363 00000361 E8 [00000000]                   	CALL	_sheet_refresh
   364 00000366 8B 53 1C                        	MOV	EDX,DWORD [28+EBX]
   365 00000369 8B 42 08                        	MOV	EAX,DWORD [8+EDX]
   366 0000036C 03 42 10                        	ADD	EAX,DWORD [16+EDX]
   367 0000036F 50                              	PUSH	EAX
   368 00000370 8B 42 04                        	MOV	EAX,DWORD [4+EDX]
   369 00000373 03 42 0C                        	ADD	EAX,DWORD [12+EDX]
   370 00000376 50                              	PUSH	EAX
   371 00000377 FF 72 10                        	PUSH	DWORD [16+EDX]
   372 0000037A FF 72 0C                        	PUSH	DWORD [12+EDX]
   373 0000037D FF 75 0C                        	PUSH	DWORD [12+EBP]
   374 00000380 E8 [00000000]                   	CALL	_sheet_refresh
   375 00000385                                 L10:
   376 00000385 8B 5D FC                        	MOV	EBX,DWORD [-4+EBP]
   377 00000388 C9                              	LEAVE
   378 00000389 C3                              	RET
   379 0000038A                                 L13:
   380 0000038A 88 53 20                        	MOV	BYTE [32+EBX],DL
   381 0000038D FF 73 0C                        	PUSH	DWORD [12+EBX]
   382 00000390 FF 73 10                        	PUSH	DWORD [16+EBX]
   383 00000393 6A 00                           	PUSH	0
   384 00000395 6A 00                           	PUSH	0
   385 00000397 FF 73 18                        	PUSH	DWORD [24+EBX]
   386 0000039A FF 73 10                        	PUSH	DWORD [16+EBX]
   387 0000039D 8B 43 1C                        	MOV	EAX,DWORD [28+EBX]
   388 000003A0 FF 30                           	PUSH	DWORD [EAX]
   389 000003A2 E8 [00000000]                   	CALL	_boxfill8
   390 000003A7 8B 43 0C                        	MOV	EAX,DWORD [12+EBX]
   391 000003AA 48                              	DEC	EAX
   392 000003AB 50                              	PUSH	EAX
   393 000003AC 6A 00                           	PUSH	0
   394 000003AE 6A 00                           	PUSH	0
   395 000003B0 6A 00                           	PUSH	0
   396 000003B2 6A 00                           	PUSH	0
   397 000003B4 FF 73 10                        	PUSH	DWORD [16+EBX]
   398 000003B7 8B 43 1C                        	MOV	EAX,DWORD [28+EBX]
   399 000003BA FF 30                           	PUSH	DWORD [EAX]
   400 000003BC E8 [00000000]                   	CALL	_boxfill8
   401 000003C1 83 C4 38                        	ADD	ESP,56
   402 000003C4 6A 00                           	PUSH	0
   403 000003C6 8B 53 10                        	MOV	EDX,DWORD [16+EBX]
   404 000003C9 8D 42 FF                        	LEA	EAX,DWORD [-1+EDX]
   405 000003CC 50                              	PUSH	EAX
   406 000003CD 6A 00                           	PUSH	0
   407 000003CF 6A 00                           	PUSH	0
   408 000003D1 6A 00                           	PUSH	0
   409 000003D3 52                              	PUSH	EDX
   410 000003D4 8B 43 1C                        	MOV	EAX,DWORD [28+EBX]
   411 000003D7 FF 30                           	PUSH	DWORD [EAX]
   412 000003D9 E8 [00000000]                   	CALL	_boxfill8
   413 000003DE 6A 01                           	PUSH	1
   414 000003E0 8B 53 10                        	MOV	EDX,DWORD [16+EBX]
   415 000003E3 8D 42 FE                        	LEA	EAX,DWORD [-2+EDX]
   416 000003E6 50                              	PUSH	EAX
   417 000003E7 6A 01                           	PUSH	1
   418 000003E9 6A 01                           	PUSH	1
   419 000003EB 68 00848484                     	PUSH	8684676
   420 000003F0 52                              	PUSH	EDX
   421 000003F1 8B 43 1C                        	MOV	EAX,DWORD [28+EBX]
   422 000003F4 FF 30                           	PUSH	DWORD [EAX]
   423 000003F6 E8 [00000000]                   	CALL	_boxfill8
   424 000003FB 8B 43 0C                        	MOV	EAX,DWORD [12+EBX]
   425 000003FE 83 C4 38                        	ADD	ESP,56
   426 00000401 83 E8 02                        	SUB	EAX,2
   427 00000404 50                              	PUSH	EAX
   428 00000405 6A 01                           	PUSH	1
   429 00000407 6A 01                           	PUSH	1
   430 00000409 6A 01                           	PUSH	1
   431 0000040B 68 00848484                     	PUSH	8684676
   432 00000410 FF 73 10                        	PUSH	DWORD [16+EBX]
   433 00000413 8B 43 1C                        	MOV	EAX,DWORD [28+EBX]
   434 00000416 FF 30                           	PUSH	DWORD [EAX]
   435 00000418 E8 [00000000]                   	CALL	_boxfill8
   436 0000041D 8B 43 0C                        	MOV	EAX,DWORD [12+EBX]
   437 00000420 48                              	DEC	EAX
   438 00000421 50                              	PUSH	EAX
   439 00000422 8B 53 10                        	MOV	EDX,DWORD [16+EBX]
   440 00000425 8D 42 FF                        	LEA	EAX,DWORD [-1+EDX]
   441 00000428 50                              	PUSH	EAX
   442 00000429 6A 00                           	PUSH	0
   443 0000042B 50                              	PUSH	EAX
   444 0000042C 68 00FFFFFF                     	PUSH	16777215
   445 00000431 52                              	PUSH	EDX
   446 00000432 8B 43 1C                        	MOV	EAX,DWORD [28+EBX]
   447 00000435 FF 30                           	PUSH	DWORD [EAX]
   448 00000437 E8 [00000000]                   	CALL	_boxfill8
   449 0000043C 8B 53 0C                        	MOV	EDX,DWORD [12+EBX]
   450 0000043F 83 C4 38                        	ADD	ESP,56
   451 00000442 4A                              	DEC	EDX
   452 00000443 52                              	PUSH	EDX
   453 00000444 8B 4B 10                        	MOV	ECX,DWORD [16+EBX]
   454 00000447 8D 41 FF                        	LEA	EAX,DWORD [-1+ECX]
   455 0000044A 50                              	PUSH	EAX
   456 0000044B 52                              	PUSH	EDX
   457 0000044C 6A 00                           	PUSH	0
   458 0000044E 68 00FFFFFF                     	PUSH	16777215
   459 00000453 E9 FFFFFEC9                     	JMP	L15
   460 00000458                                 	GLOBAL	_hide_button
   461 00000458                                 _hide_button:
   462 00000458 55                              	PUSH	EBP
   463 00000459 89 E5                           	MOV	EBP,ESP
   464 0000045B 53                              	PUSH	EBX
   465 0000045C 8B 5D 08                        	MOV	EBX,DWORD [8+EBP]
   466 0000045F C6 43 21 00                     	MOV	BYTE [33+EBX],0
   467 00000463 C7 43 14 00000000               	MOV	DWORD [20+EBX],0
   468 0000046A 6A FF                           	PUSH	-1
   469 0000046C FF 73 1C                        	PUSH	DWORD [28+EBX]
   470 0000046F E8 [00000000]                   	CALL	_sheet_updown
   471 00000474 8B 43 1C                        	MOV	EAX,DWORD [28+EBX]
   472 00000477 FF 70 08                        	PUSH	DWORD [8+EAX]
   473 0000047A FF 70 04                        	PUSH	DWORD [4+EAX]
   474 0000047D 6A 00                           	PUSH	0
   475 0000047F 6A 00                           	PUSH	0
   476 00000481 50                              	PUSH	EAX
   477 00000482 E8 [00000000]                   	CALL	_sheet_refresh
   478 00000487 8B 5D FC                        	MOV	EBX,DWORD [-4+EBP]
   479 0000048A C9                              	LEAVE
   480 0000048B C3                              	RET
   481 0000048C                                 	GLOBAL	_release_button
   482 0000048C                                 _release_button:
   483 0000048C 55                              	PUSH	EBP
   484 0000048D 89 E5                           	MOV	EBP,ESP
   485 0000048F 53                              	PUSH	EBX
   486 00000490 8B 5D 08                        	MOV	EBX,DWORD [8+EBP]
   487 00000493 FF 73 1C                        	PUSH	DWORD [28+EBX]
   488 00000496 E8 [00000000]                   	CALL	_sheet_free
   489 0000049B 6A 28                           	PUSH	40
   490 0000049D 53                              	PUSH	EBX
   491 0000049E 68 003C0000                     	PUSH	3932160
   492 000004A3 E8 [00000000]                   	CALL	_memman_free_4k
   493 000004A8 8B 5D FC                        	MOV	EBX,DWORD [-4+EBP]
   494 000004AB C9                              	LEAVE
   495 000004AC C3                              	RET
   496 000004AD                                 	GLOBAL	_click_button
   497 000004AD                                 _click_button:
   498 000004AD 55                              	PUSH	EBP
   499 000004AE 89 E5                           	MOV	EBP,ESP
   500 000004B0 8B 45 08                        	MOV	EAX,DWORD [8+EBP]
   501 000004B3 83 78 14 00                     	CMP	DWORD [20+EAX],0
   502 000004B7 75 02                           	JNE	L20
   503 000004B9                                 L18:
   504 000004B9 5D                              	POP	EBP
   505 000004BA C3                              	RET
   506 000004BB                                 L20:
   507 000004BB FF 50 24                        	CALL	DWORD [36+EAX]
   508 000004BE EB F9                           	JMP	L18
