     1 00000000                                 [FORMAT "WCOFF"]
     2 00000000                                 [INSTRSET "i486p"]
     3 00000000                                 [OPTIMIZE 1]
     4 00000000                                 [OPTION 1]
     5 00000000                                 [BITS 32]
     6 00000000                                 	EXTERN	_boxfill8
     7 00000000                                 [FILE "textbox.c"]
     8                                          [SECTION .text]
     9 00000000                                 	GLOBAL	_make_textbox8
    10 00000000                                 _make_textbox8:
    11 00000000 55                              	PUSH	EBP
    12 00000001 89 E5                           	MOV	EBP,ESP
    13 00000003 57                              	PUSH	EDI
    14 00000004 56                              	PUSH	ESI
    15 00000005 53                              	PUSH	EBX
    16 00000006 83 EC 14                        	SUB	ESP,20
    17 00000009 8B 45 0C                        	MOV	EAX,DWORD [12+EBP]
    18 0000000C 8B 75 10                        	MOV	ESI,DWORD [16+EBP]
    19 0000000F 03 45 14                        	ADD	EAX,DWORD [20+EBP]
    20 00000012 83 EE 03                        	SUB	ESI,3
    21 00000015 56                              	PUSH	ESI
    22 00000016 89 45 F0                        	MOV	DWORD [-16+EBP],EAX
    23 00000019 8B 45 10                        	MOV	EAX,DWORD [16+EBP]
    24 0000001C 03 45 18                        	ADD	EAX,DWORD [24+EBP]
    25 0000001F 89 45 EC                        	MOV	DWORD [-20+EBP],EAX
    26 00000022 8B 45 F0                        	MOV	EAX,DWORD [-16+EBP]
    27 00000025 40                              	INC	EAX
    28 00000026 50                              	PUSH	EAX
    29 00000027 89 45 E8                        	MOV	DWORD [-24+EBP],EAX
    30 0000002A 8B 45 0C                        	MOV	EAX,DWORD [12+EBP]
    31 0000002D 56                              	PUSH	ESI
    32 0000002E 83 E8 02                        	SUB	EAX,2
    33 00000031 50                              	PUSH	EAX
    34 00000032 89 45 E4                        	MOV	DWORD [-28+EBP],EAX
    35 00000035 8B 45 08                        	MOV	EAX,DWORD [8+EBP]
    36 00000038 68 00848484                     	PUSH	8684676
    37 0000003D FF 70 04                        	PUSH	DWORD [4+EAX]
    38 00000040 FF 30                           	PUSH	DWORD [EAX]
    39 00000042 E8 [00000000]                   	CALL	_boxfill8
    40 00000047 8B 7D 0C                        	MOV	EDI,DWORD [12+EBP]
    41 0000004A 8B 45 EC                        	MOV	EAX,DWORD [-20+EBP]
    42 0000004D 83 EF 03                        	SUB	EDI,3
    43 00000050 40                              	INC	EAX
    44 00000051 50                              	PUSH	EAX
    45 00000052 89 45 E0                        	MOV	DWORD [-32+EBP],EAX
    46 00000055 57                              	PUSH	EDI
    47 00000056 8B 45 08                        	MOV	EAX,DWORD [8+EBP]
    48 00000059 56                              	PUSH	ESI
    49 0000005A 57                              	PUSH	EDI
    50 0000005B 68 00848484                     	PUSH	8684676
    51 00000060 FF 70 04                        	PUSH	DWORD [4+EAX]
    52 00000063 FF 30                           	PUSH	DWORD [EAX]
    53 00000065 E8 [00000000]                   	CALL	_boxfill8
    54 0000006A 8B 45 08                        	MOV	EAX,DWORD [8+EBP]
    55 0000006D 83 C4 38                        	ADD	ESP,56
    56 00000070 8B 5D EC                        	MOV	EBX,DWORD [-20+EBP]
    57 00000073 83 C3 02                        	ADD	EBX,2
    58 00000076 53                              	PUSH	EBX
    59 00000077 FF 75 E8                        	PUSH	DWORD [-24+EBP]
    60 0000007A 53                              	PUSH	EBX
    61 0000007B 57                              	PUSH	EDI
    62 0000007C 68 00FFFFFF                     	PUSH	16777215
    63 00000081 FF 70 04                        	PUSH	DWORD [4+EAX]
    64 00000084 FF 30                           	PUSH	DWORD [EAX]
    65 00000086 E8 [00000000]                   	CALL	_boxfill8
    66 0000008B 8B 45 F0                        	MOV	EAX,DWORD [-16+EBP]
    67 0000008E 53                              	PUSH	EBX
    68 0000008F 83 C0 02                        	ADD	EAX,2
    69 00000092 50                              	PUSH	EAX
    70 00000093 56                              	PUSH	ESI
    71 00000094 50                              	PUSH	EAX
    72 00000095 8B 45 08                        	MOV	EAX,DWORD [8+EBP]
    73 00000098 68 00FFFFFF                     	PUSH	16777215
    74 0000009D FF 70 04                        	PUSH	DWORD [4+EAX]
    75 000000A0 FF 30                           	PUSH	DWORD [EAX]
    76 000000A2 E8 [00000000]                   	CALL	_boxfill8
    77 000000A7 8B 45 08                        	MOV	EAX,DWORD [8+EBP]
    78 000000AA 83 C4 38                        	ADD	ESP,56
    79 000000AD 8B 5D 10                        	MOV	EBX,DWORD [16+EBP]
    80 000000B0 83 EB 02                        	SUB	EBX,2
    81 000000B3 8B 7D 0C                        	MOV	EDI,DWORD [12+EBP]
    82 000000B6 53                              	PUSH	EBX
    83 000000B7 4F                              	DEC	EDI
    84 000000B8 FF 75 F0                        	PUSH	DWORD [-16+EBP]
    85 000000BB 53                              	PUSH	EBX
    86 000000BC 57                              	PUSH	EDI
    87 000000BD 6A 00                           	PUSH	0
    88 000000BF FF 70 04                        	PUSH	DWORD [4+EAX]
    89 000000C2 FF 30                           	PUSH	DWORD [EAX]
    90 000000C4 E8 [00000000]                   	CALL	_boxfill8
    91 000000C9 8B 45 08                        	MOV	EAX,DWORD [8+EBP]
    92 000000CC FF 75 EC                        	PUSH	DWORD [-20+EBP]
    93 000000CF FF 75 E4                        	PUSH	DWORD [-28+EBP]
    94 000000D2 53                              	PUSH	EBX
    95 000000D3 FF 75 E4                        	PUSH	DWORD [-28+EBP]
    96 000000D6 6A 00                           	PUSH	0
    97 000000D8 FF 70 04                        	PUSH	DWORD [4+EAX]
    98 000000DB FF 30                           	PUSH	DWORD [EAX]
    99 000000DD E8 [00000000]                   	CALL	_boxfill8
   100 000000E2 8B 45 08                        	MOV	EAX,DWORD [8+EBP]
   101 000000E5 83 C4 38                        	ADD	ESP,56
   102 000000E8 FF 75 E0                        	PUSH	DWORD [-32+EBP]
   103 000000EB FF 75 F0                        	PUSH	DWORD [-16+EBP]
   104 000000EE FF 75 E0                        	PUSH	DWORD [-32+EBP]
   105 000000F1 FF 75 E4                        	PUSH	DWORD [-28+EBP]
   106 000000F4 68 00C6C6C6                     	PUSH	13027014
   107 000000F9 FF 70 04                        	PUSH	DWORD [4+EAX]
   108 000000FC FF 30                           	PUSH	DWORD [EAX]
   109 000000FE E8 [00000000]                   	CALL	_boxfill8
   110 00000103 8B 45 08                        	MOV	EAX,DWORD [8+EBP]
   111 00000106 FF 75 E0                        	PUSH	DWORD [-32+EBP]
   112 00000109 FF 75 E8                        	PUSH	DWORD [-24+EBP]
   113 0000010C 53                              	PUSH	EBX
   114 0000010D FF 75 E8                        	PUSH	DWORD [-24+EBP]
   115 00000110 68 00C6C6C6                     	PUSH	13027014
   116 00000115 FF 70 04                        	PUSH	DWORD [4+EAX]
   117 00000118 FF 30                           	PUSH	DWORD [EAX]
   118 0000011A E8 [00000000]                   	CALL	_boxfill8
   119 0000011F 8B 45 10                        	MOV	EAX,DWORD [16+EBP]
   120 00000122 83 C4 38                        	ADD	ESP,56
   121 00000125 48                              	DEC	EAX
   122 00000126 FF 75 EC                        	PUSH	DWORD [-20+EBP]
   123 00000129 FF 75 F0                        	PUSH	DWORD [-16+EBP]
   124 0000012C 50                              	PUSH	EAX
   125 0000012D 8B 45 08                        	MOV	EAX,DWORD [8+EBP]
   126 00000130 57                              	PUSH	EDI
   127 00000131 FF 75 1C                        	PUSH	DWORD [28+EBP]
   128 00000134 FF 70 04                        	PUSH	DWORD [4+EAX]
   129 00000137 FF 30                           	PUSH	DWORD [EAX]
   130 00000139 E8 [00000000]                   	CALL	_boxfill8
   131 0000013E 8D 65 F4                        	LEA	ESP,DWORD [-12+EBP]
   132 00000141 5B                              	POP	EBX
   133 00000142 5E                              	POP	ESI
   134 00000143 5F                              	POP	EDI
   135 00000144 5D                              	POP	EBP
   136 00000145 C3                              	RET
