     1 00000000                                 [FORMAT "WCOFF"]
     2 00000000                                 [INSTRSET "i486p"]
     3 00000000                                 [OPTIMIZE 1]
     4 00000000                                 [OPTION 1]
     5 00000000                                 [BITS 32]
     6 00000000                                 	EXTERN	_open_console
     7 00000000                                 	EXTERN	_sheet_slide
     8 00000000                                 	EXTERN	_sheet_updown
     9 00000000                                 	EXTERN	_fifo32_put
    10 00000000                                 	EXTERN	_cons_newline
    11 00000000                                 [FILE "cmd_start.c"]
    12                                          [SECTION .text]
    13 00000000                                 	GLOBAL	_cmd_start
    14 00000000                                 _cmd_start:
    15 00000000 55                              	PUSH	EBP
    16 00000001 89 E5                           	MOV	EBP,ESP
    17 00000003 57                              	PUSH	EDI
    18 00000004 56                              	PUSH	ESI
    19 00000005 53                              	PUSH	EBX
    20 00000006 57                              	PUSH	EDI
    21 00000007 57                              	PUSH	EDI
    22 00000008 8B 45 08                        	MOV	EAX,DWORD [8+EBP]
    23 0000000B 8B 7D 0C                        	MOV	EDI,DWORD [12+EBP]
    24 0000000E 8B 35 00000FE4                  	MOV	ESI,DWORD [4068]
    25 00000014 89 45 F0                        	MOV	DWORD [-16+EBP],EAX
    26 00000017 6A 00                           	PUSH	0
    27 00000019 FF 75 10                        	PUSH	DWORD [16+EBP]
    28 0000001C 56                              	PUSH	ESI
    29 0000001D E8 [00000000]                   	CALL	_open_console
    30 00000022 89 C3                           	MOV	EBX,EAX
    31 00000024 8B 40 28                        	MOV	EAX,DWORD [40+EAX]
    32 00000027 83 C0 10                        	ADD	EAX,16
    33 0000002A 89 45 EC                        	MOV	DWORD [-20+EBP],EAX
    34 0000002D 6A 04                           	PUSH	4
    35 0000002F 6A 20                           	PUSH	32
    36 00000031 53                              	PUSH	EBX
    37 00000032 E8 [00000000]                   	CALL	_sheet_slide
    38 00000037 FF 76 10                        	PUSH	DWORD [16+ESI]
    39 0000003A 53                              	PUSH	EBX
    40 0000003B BB 00000006                     	MOV	EBX,6
    41 00000040 E8 [00000000]                   	CALL	_sheet_updown
    42 00000045 83 C4 20                        	ADD	ESP,32
    43 00000048 80 7F 06 00                     	CMP	BYTE [6+EDI],0
    44 0000004C 75 21                           	JNE	L6
    45 0000004E                                 L8:
    46 0000004E 68 0000010A                     	PUSH	266
    47 00000053 FF 75 EC                        	PUSH	DWORD [-20+EBP]
    48 00000056 E8 [00000000]                   	CALL	_fifo32_put
    49 0000005B 58                              	POP	EAX
    50 0000005C 8B 45 F0                        	MOV	EAX,DWORD [-16+EBP]
    51 0000005F 5A                              	POP	EDX
    52 00000060 89 45 08                        	MOV	DWORD [8+EBP],EAX
    53 00000063 8D 65 F4                        	LEA	ESP,DWORD [-12+EBP]
    54 00000066 5B                              	POP	EBX
    55 00000067 5E                              	POP	ESI
    56 00000068 5F                              	POP	EDI
    57 00000069 5D                              	POP	EBP
    58 0000006A E9 [00000000]                   	JMP	_cons_newline
    59 0000006F                                 L6:
    60 0000006F 0F BE 04 3B                     	MOVSX	EAX,BYTE [EBX+EDI*1]
    61 00000073 05 00000100                     	ADD	EAX,256
    62 00000078 43                              	INC	EBX
    63 00000079 50                              	PUSH	EAX
    64 0000007A FF 75 EC                        	PUSH	DWORD [-20+EBP]
    65 0000007D E8 [00000000]                   	CALL	_fifo32_put
    66 00000082 80 3C 3B 00                     	CMP	BYTE [EBX+EDI*1],0
    67 00000086 59                              	POP	ECX
    68 00000087 5E                              	POP	ESI
    69 00000088 75 E5                           	JNE	L6
    70 0000008A EB C2                           	JMP	L8
