     1 00000000                                 [FORMAT "WCOFF"]
     2 00000000                                 [INSTRSET "i486p"]
     3 00000000                                 [OPTIMIZE 1]
     4 00000000                                 [OPTION 1]
     5 00000000                                 [BITS 32]
     6 00000000                                 	EXTERN	_sprintf
     7 00000000                                 	EXTERN	_cons_putstr0
     8 00000000                                 [FILE "cmd_echo.c"]
     9                                          [SECTION .data]
    10 00000000                                 LC0:
    11 00000000 25 73 0A 00                     	DB	"%s",0x0A,0x00
    12                                          [SECTION .text]
    13 00000000                                 	GLOBAL	_cmd_echo
    14 00000000                                 _cmd_echo:
    15 00000000 55                              	PUSH	EBP
    16 00000001 89 E5                           	MOV	EBP,ESP
    17 00000003 53                              	PUSH	EBX
    18 00000004 8B 45 0C                        	MOV	EAX,DWORD [12+EBP]
    19 00000007 8B 5D 08                        	MOV	EBX,DWORD [8+EBP]
    20 0000000A 83 C0 05                        	ADD	EAX,5
    21 0000000D 50                              	PUSH	EAX
    22 0000000E 68 [00000000]                   	PUSH	LC0
    23 00000013 68 0002F000                     	PUSH	192512
    24 00000018 E8 [00000000]                   	CALL	_sprintf
    25 0000001D 89 5D 08                        	MOV	DWORD [8+EBP],EBX
    26 00000020 83 C4 0C                        	ADD	ESP,12
    27 00000023 8B 5D FC                        	MOV	EBX,DWORD [-4+EBP]
    28 00000026 C7 45 0C 0002F000               	MOV	DWORD [12+EBP],192512
    29 0000002D C9                              	LEAVE
    30 0000002E E9 [00000000]                   	JMP	_cons_putstr0
