     1 00000000                                 [FORMAT "WCOFF"]
     2 00000000                                 [INSTRSET "i486p"]
     3 00000000                                 [OPTIMIZE 1]
     4 00000000                                 [OPTION 1]
     5 00000000                                 [BITS 32]
     6 00000000                                 	EXTERN	_task_now
     7 00000000                                 	EXTERN	_io_cli
     8 00000000                                 	EXTERN	_fifo32_put
     9 00000000                                 	EXTERN	_io_sti
    10 00000000                                 	EXTERN	_read_image_32
    11 00000000                                 	EXTERN	_sheet_refresh
    12 00000000                                 	EXTERN	_get_sec_hex
    13 00000000                                 	EXTERN	_get_min_hex
    14 00000000                                 	EXTERN	_get_hour_hex
    15 00000000                                 	EXTERN	_get_day_of_month
    16 00000000                                 	EXTERN	_get_day_of_week
    17 00000000                                 	EXTERN	_get_mon_hex
    18 00000000                                 	EXTERN	_get_year
    19 00000000                                 	EXTERN	_cmd_cls
    20 00000000                                 	EXTERN	_memman_free_4k
    21 00000000                                 	EXTERN	_file_search
    22 00000000                                 	EXTERN	_memman_alloc_4k
    23 00000000                                 	EXTERN	_file_loadfile
    24 00000000                                 	EXTERN	_io_in8
    25 00000000                                 	EXTERN	_io_out8
    26 00000000                                 	EXTERN	_timer_free
    27 00000000                                 	EXTERN	_timer_settime
    28 00000000                                 	EXTERN	_timer_init
    29 00000000                                 	EXTERN	_timer_alloc
    30 00000000                                 	EXTERN	_fifo32_status
    31 00000000                                 	EXTERN	_task_sleep
    32 00000000                                 	EXTERN	_fifo32_get
    33 00000000                                 	EXTERN	_timer_cancel
    34 00000000                                 	EXTERN	_taskbar_removewin
    35 00000000                                 	EXTERN	_sheet_free
    36 00000000                                 	EXTERN	_memman_free
    37 00000000                                 	EXTERN	_memman_alloc
    38 00000000                                 	EXTERN	_memman_init
    39 00000000                                 	EXTERN	_boxfill8
    40 00000000                                 	EXTERN	_putfonts8_asc
    41 00000000                                 	EXTERN	_sheet_alloc
    42 00000000                                 	EXTERN	_sheet_setbuf
    43 00000000                                 	EXTERN	_make_window8
    44 00000000                                 	EXTERN	_sheet_slide
    45 00000000                                 	EXTERN	_sheet_updown
    46 00000000                                 	EXTERN	_cons_putstr1
    47 00000000                                 	EXTERN	_cons_putstr0
    48 00000000                                 	EXTERN	_cons_putchar
    49 00000000                                 [FILE "syscall.c"]
    50                                          [SECTION .text]
    51 00000000                                 	GLOBAL	_kal_api
    52 00000000                                 _kal_api:
    53 00000000 55                              	PUSH	EBP
    54 00000001 89 E5                           	MOV	EBP,ESP
    55 00000003 57                              	PUSH	EDI
    56 00000004 56                              	PUSH	ESI
    57 00000005 53                              	PUSH	EBX
    58 00000006 83 EC 14                        	SUB	ESP,20
    59 00000009 8B 75 1C                        	MOV	ESI,DWORD [28+EBP]
    60 0000000C 8B 5D 10                        	MOV	EBX,DWORD [16+EBP]
    61 0000000F E8 [00000000]                   	CALL	_task_now
    62 00000014 83 FE 01                        	CMP	ESI,1
    63 00000017 8B 0D 00000FE4                  	MOV	ECX,DWORD [4068]
    64 0000001D 89 45 F0                        	MOV	DWORD [-16+EBP],EAX
    65 00000020 89 4D E8                        	MOV	DWORD [-24+EBP],ECX
    66 00000023 8B 80 00000114                  	MOV	EAX,DWORD [276+EAX]
    67 00000029 8B 55 F0                        	MOV	EDX,DWORD [-16+EBP]
    68 0000002C 89 45 EC                        	MOV	DWORD [-20+EBP],EAX
    69 0000002F A1 00000FEC                     	MOV	EAX,DWORD [4076]
    70 00000034 89 45 E4                        	MOV	DWORD [-28+EBP],EAX
    71 00000037 8B BA 00000110                  	MOV	EDI,DWORD [272+EDX]
    72 0000003D A1 00010000                     	MOV	EAX,DWORD [65536]
    73 00000042 0F 84 000007CB                  	JE	L147
    74 00000048 83 FE 02                        	CMP	ESI,2
    75 0000004B 0F 84 000007B0                  	JE	L148
    76 00000051 83 FE 03                        	CMP	ESI,3
    77 00000054 0F 84 00000792                  	JE	L149
    78 0000005A 83 FE 04                        	CMP	ESI,4
    79 0000005D 0F 84 0000077E                  	JE	L150
    80 00000063 83 FE 05                        	CMP	ESI,5
    81 00000066 0F 84 000006E2                  	JE	L151
    82 0000006C 83 FE 06                        	CMP	ESI,6
    83 0000006F 0F 84 0000068F                  	JE	L152
    84 00000075 83 FE 07                        	CMP	ESI,7
    85 00000078 0F 84 00000654                  	JE	L153
    86 0000007E 83 FE 08                        	CMP	ESI,8
    87 00000081 0F 84 00000627                  	JE	L154
    88 00000087 83 FE 09                        	CMP	ESI,9
    89 0000008A 0F 84 00000600                  	JE	L155
    90 00000090 83 FE 0A                        	CMP	ESI,10
    91 00000093 0F 84 000005D9                  	JE	L156
    92 00000099 83 FE 0B                        	CMP	ESI,11
    93 0000009C 0F 84 00000596                  	JE	L157
    94 000000A2 83 FE 0C                        	CMP	ESI,12
    95 000000A5 0F 84 00000579                  	JE	L158
    96 000000AB 83 FE 0D                        	CMP	ESI,13
    97 000000AE 0F 84 00000510                  	JE	L159
    98 000000B4 83 FE 0E                        	CMP	ESI,14
    99 000000B7 0F 84 000004EE                  	JE	L160
   100 000000BD 83 FE 0F                        	CMP	ESI,15
   101 000000C0 0F 84 00000402                  	JE	L37
   102 000000C6 83 FE 10                        	CMP	ESI,16
   103 000000C9 0F 84 000003E8                  	JE	L161
   104 000000CF 83 FE 11                        	CMP	ESI,17
   105 000000D2 0F 84 000003C2                  	JE	L162
   106 000000D8 83 FE 12                        	CMP	ESI,18
   107 000000DB 0F 84 000003A7                  	JE	L163
   108 000000E1 83 FE 13                        	CMP	ESI,19
   109 000000E4 0F 84 00000391                  	JE	L164
   110 000000EA 83 FE 14                        	CMP	ESI,20
   111 000000ED 0F 84 00000315                  	JE	L165
   112 000000F3 83 FE 15                        	CMP	ESI,21
   113 000000F6 0F 84 00000273                  	JE	L166
   114 000000FC 83 FE 16                        	CMP	ESI,22
   115 000000FF 0F 84 0000024A                  	JE	L167
   116 00000105 83 FE 17                        	CMP	ESI,23
   117 00000108 0F 84 000001F3                  	JE	L168
   118 0000010E 83 FE 18                        	CMP	ESI,24
   119 00000111 0F 84 000001B6                  	JE	L169
   120 00000117 83 FE 19                        	CMP	ESI,25
   121 0000011A 0F 84 00000182                  	JE	L170
   122 00000120 83 FE 1A                        	CMP	ESI,26
   123 00000123 0F 84 00000146                  	JE	L171
   124 00000129 83 FE 1B                        	CMP	ESI,27
   125 0000012C 0F 84 00000131                  	JE	L172
   126 00000132 83 FE 1C                        	CMP	ESI,28
   127 00000135 74 5B                           	JE	L3
   128 00000137 83 FE 1D                        	CMP	ESI,29
   129 0000013A 0F 84 00000117                  	JE	L173
   130 00000140 83 FE 1E                        	CMP	ESI,30
   131 00000143 0F 84 00000107                  	JE	L174
   132 00000149 83 FE 1F                        	CMP	ESI,31
   133 0000014C 0F 84 000000F7                  	JE	L175
   134 00000152 83 FE 20                        	CMP	ESI,32
   135 00000155 0F 84 000000E7                  	JE	L176
   136 0000015B 83 FE 21                        	CMP	ESI,33
   137 0000015E 0F 84 000000D7                  	JE	L177
   138 00000164 83 FE 22                        	CMP	ESI,34
   139 00000167 0F 84 000000C7                  	JE	L178
   140 0000016D 83 FE 23                        	CMP	ESI,35
   141 00000170 0F 84 000000B7                  	JE	L179
   142 00000176 83 FE 24                        	CMP	ESI,36
   143 00000179 0F 84 000000A7                  	JE	L180
   144 0000017F 83 FE 25                        	CMP	ESI,37
   145 00000182 0F 84 00000093                  	JE	L181
   146 00000188 83 FE 26                        	CMP	ESI,38
   147 0000018B 74 48                           	JE	L182
   148 0000018D 83 FE 27                        	CMP	ESI,39
   149 00000190 74 0A                           	JE	L183
   150 00000192                                 L3:
   151 00000192 31 C0                           	XOR	EAX,EAX
   152 00000194                                 L1:
   153 00000194 8D 65 F4                        	LEA	ESP,DWORD [-12+EBP]
   154 00000197 5B                              	POP	EBX
   155 00000198 5E                              	POP	ESI
   156 00000199 5F                              	POP	EDI
   157 0000019A 5D                              	POP	EBP
   158 0000019B C3                              	RET
   159 0000019C                                 L183:
   160 0000019C 8B 5D 18                        	MOV	EBX,DWORD [24+EBP]
   161 0000019F 03 5D EC                        	ADD	EBX,DWORD [-20+EBP]
   162 000001A2 80 3B 00                        	CMP	BYTE [EBX],0
   163 000001A5 74 EB                           	JE	L3
   164 000001A7                                 L135:
   165 000001A7 80 3B 0D                        	CMP	BYTE [EBX],13
   166 000001AA 74 21                           	JE	L132
   167 000001AC E8 [00000000]                   	CALL	_io_cli
   168 000001B1 0F B6 03                        	MOVZX	EAX,BYTE [EBX]
   169 000001B4 05 00000100                     	ADD	EAX,256
   170 000001B9 50                              	PUSH	EAX
   171 000001BA 8B 45 F0                        	MOV	EAX,DWORD [-16+EBP]
   172 000001BD 83 C0 10                        	ADD	EAX,16
   173 000001C0 50                              	PUSH	EAX
   174 000001C1 E8 [00000000]                   	CALL	_fifo32_put
   175 000001C6 E8 [00000000]                   	CALL	_io_sti
   176 000001CB 58                              	POP	EAX
   177 000001CC 5A                              	POP	EDX
   178 000001CD                                 L132:
   179 000001CD 43                              	INC	EBX
   180 000001CE 80 3B 00                        	CMP	BYTE [EBX],0
   181 000001D1 75 D4                           	JNE	L135
   182 000001D3 EB BD                           	JMP	L3
   183 000001D5                                 L182:
   184 000001D5 8B 7D 18                        	MOV	EDI,DWORD [24+EBP]
   185 000001D8 8B 45 F0                        	MOV	EAX,DWORD [-16+EBP]
   186 000001DB 83 E7 FE                        	AND	EDI,-2
   187 000001DE 8B 55 24                        	MOV	EDX,DWORD [36+EBP]
   188 000001E1 01 55 EC                        	ADD	DWORD [-20+EBP],EDX
   189 000001E4 FF 37                           	PUSH	DWORD [EDI]
   190 000001E6 FF B0 00000120                  	PUSH	DWORD [288+EAX]
   191 000001EC FF 77 04                        	PUSH	DWORD [4+EDI]
   192 000001EF FF 75 08                        	PUSH	DWORD [8+EBP]
   193 000001F2 FF 75 0C                        	PUSH	DWORD [12+EBP]
   194 000001F5 FF 75 EC                        	PUSH	DWORD [-20+EBP]
   195 000001F8 E8 [00000000]                   	CALL	_read_image_32
   196 000001FD 83 C4 18                        	ADD	ESP,24
   197 00000200 40                              	INC	EAX
   198 00000201 74 8F                           	JE	L3
   199 00000203 FF 77 08                        	PUSH	DWORD [8+EDI]
   200 00000206 FF 77 04                        	PUSH	DWORD [4+EDI]
   201 00000209 6A 00                           	PUSH	0
   202 0000020B 6A 00                           	PUSH	0
   203 0000020D                                 L144:
   204 0000020D 57                              	PUSH	EDI
   205 0000020E                                 L145:
   206 0000020E E8 [00000000]                   	CALL	_sheet_refresh
   207 00000213                                 L146:
   208 00000213 83 C4 14                        	ADD	ESP,20
   209 00000216 E9 FFFFFF77                     	JMP	L3
   210 0000021B                                 L181:
   211 0000021B 8B 40 34                        	MOV	EAX,DWORD [52+EAX]
   212 0000021E                                 L140:
   213 0000021E 89 45 44                        	MOV	DWORD [68+EBP],EAX
   214 00000221 E9 FFFFFF6C                     	JMP	L3
   215 00000226                                 L180:
   216 00000226 E8 [00000000]                   	CALL	_get_sec_hex
   217 0000022B EB F1                           	JMP	L140
   218 0000022D                                 L179:
   219 0000022D E8 [00000000]                   	CALL	_get_min_hex
   220 00000232 EB EA                           	JMP	L140
   221 00000234                                 L178:
   222 00000234 E8 [00000000]                   	CALL	_get_hour_hex
   223 00000239 EB E3                           	JMP	L140
   224 0000023B                                 L177:
   225 0000023B E8 [00000000]                   	CALL	_get_day_of_month
   226 00000240 EB DC                           	JMP	L140
   227 00000242                                 L176:
   228 00000242 E8 [00000000]                   	CALL	_get_day_of_week
   229 00000247 EB D5                           	JMP	L140
   230 00000249                                 L175:
   231 00000249 E8 [00000000]                   	CALL	_get_mon_hex
   232 0000024E EB CE                           	JMP	L140
   233 00000250                                 L174:
   234 00000250 E8 [00000000]                   	CALL	_get_year
   235 00000255 EB C7                           	JMP	L140
   236 00000257                                 L173:
   237 00000257 57                              	PUSH	EDI
   238 00000258 E8 [00000000]                   	CALL	_cmd_cls
   239 0000025D                                 L142:
   240 0000025D 59                              	POP	ECX
   241 0000025E E9 FFFFFF2F                     	JMP	L3
   242 00000263                                 L172:
   243 00000263 8B 5D F0                        	MOV	EBX,DWORD [-16+EBP]
   244 00000266 0F B6 83 00000128               	MOVZX	EAX,BYTE [296+EBX]
   245 0000026D EB AF                           	JMP	L140
   246 0000026F                                 L171:
   247 0000026F 31 F6                           	XOR	ESI,ESI
   248 00000271                                 L98:
   249 00000271 8B 4D F0                        	MOV	ECX,DWORD [-16+EBP]
   250 00000274 8B 55 18                        	MOV	EDX,DWORD [24+EBP]
   251 00000277 03 55 EC                        	ADD	EDX,DWORD [-20+EBP]
   252 0000027A 8B 81 00000124                  	MOV	EAX,DWORD [292+ECX]
   253 00000280 8A 04 06                        	MOV	AL,BYTE [ESI+EAX*1]
   254 00000283 88 04 16                        	MOV	BYTE [ESI+EDX*1],AL
   255 00000286 8B 81 00000124                  	MOV	EAX,DWORD [292+ECX]
   256 0000028C 80 3C 06 00                     	CMP	BYTE [ESI+EAX*1],0
   257 00000290 74 08                           	JE	L99
   258 00000292 3B 75 20                        	CMP	ESI,DWORD [32+EBP]
   259 00000295 7D 03                           	JGE	L99
   260 00000297 46                              	INC	ESI
   261 00000298 EB D7                           	JMP	L98
   262 0000029A                                 L99:
   263 0000029A 89 75 44                        	MOV	DWORD [68+EBP],ESI
   264 0000029D E9 FFFFFEF0                     	JMP	L3
   265 000002A2                                 L170:
   266 000002A2 31 F6                           	XOR	ESI,ESI
   267 000002A4 8B 5D 24                        	MOV	EBX,DWORD [36+EBP]
   268 000002A7 3B 75 20                        	CMP	ESI,DWORD [32+EBP]
   269 000002AA 7D EE                           	JGE	L99
   270 000002AC                                 L95:
   271 000002AC 8B 4B 08                        	MOV	ECX,DWORD [8+EBX]
   272 000002AF 3B 4B 04                        	CMP	ECX,DWORD [4+EBX]
   273 000002B2 74 E6                           	JE	L99
   274 000002B4 8B 45 18                        	MOV	EAX,DWORD [24+EBP]
   275 000002B7 8B 13                           	MOV	EDX,DWORD [EBX]
   276 000002B9 03 45 EC                        	ADD	EAX,DWORD [-20+EBP]
   277 000002BC 8A 14 11                        	MOV	DL,BYTE [ECX+EDX*1]
   278 000002BF 88 14 06                        	MOV	BYTE [ESI+EAX*1],DL
   279 000002C2 46                              	INC	ESI
   280 000002C3 FF 43 08                        	INC	DWORD [8+EBX]
   281 000002C6 3B 75 20                        	CMP	ESI,DWORD [32+EBP]
   282 000002C9 7C E1                           	JL	L95
   283 000002CB EB CD                           	JMP	L99
   284 000002CD                                 L169:
   285 000002CD 8B 5D 24                        	MOV	EBX,DWORD [36+EBP]
   286 000002D0 83 7D 20 00                     	CMP	DWORD [32+EBP],0
   287 000002D4 75 08                           	JNE	L83
   288 000002D6 8B 43 04                        	MOV	EAX,DWORD [4+EBX]
   289 000002D9 E9 FFFFFF40                     	JMP	L140
   290 000002DE                                 L83:
   291 000002DE 83 7D 20 01                     	CMP	DWORD [32+EBP],1
   292 000002E2 74 15                           	JE	L184
   293 000002E4 83 7D 20 02                     	CMP	DWORD [32+EBP],2
   294 000002E8 0F 85 FFFFFEA4                  	JNE	L3
   295 000002EE 8B 43 08                        	MOV	EAX,DWORD [8+EBX]
   296 000002F1 2B 43 04                        	SUB	EAX,DWORD [4+EBX]
   297 000002F4 E9 FFFFFF25                     	JMP	L140
   298 000002F9                                 L184:
   299 000002F9 8B 43 08                        	MOV	EAX,DWORD [8+EBX]
   300 000002FC E9 FFFFFF1D                     	JMP	L140
   301 00000301                                 L168:
   302 00000301 8B 5D 24                        	MOV	EBX,DWORD [36+EBP]
   303 00000304 83 7D 20 00                     	CMP	DWORD [32+EBP],0
   304 00000308 74 35                           	JE	L139
   305 0000030A 83 7D 20 01                     	CMP	DWORD [32+EBP],1
   306 0000030E 74 37                           	JE	L185
   307 00000310 83 7D 20 02                     	CMP	DWORD [32+EBP],2
   308 00000314 74 23                           	JE	L186
   309 00000316                                 L75:
   310 00000316 83 7B 08 00                     	CMP	DWORD [8+EBX],0
   311 0000031A 78 14                           	JS	L187
   312 0000031C                                 L79:
   313 0000031C 8B 43 04                        	MOV	EAX,DWORD [4+EBX]
   314 0000031F 39 43 08                        	CMP	DWORD [8+EBX],EAX
   315 00000322 0F 8E FFFFFE6A                  	JLE	L3
   316 00000328 89 43 08                        	MOV	DWORD [8+EBX],EAX
   317 0000032B E9 FFFFFE62                     	JMP	L3
   318 00000330                                 L187:
   319 00000330 C7 43 08 00000000               	MOV	DWORD [8+EBX],0
   320 00000337 EB E3                           	JMP	L79
   321 00000339                                 L186:
   322 00000339 8B 43 04                        	MOV	EAX,DWORD [4+EBX]
   323 0000033C 01 45 18                        	ADD	DWORD [24+EBP],EAX
   324 0000033F                                 L139:
   325 0000033F 8B 55 18                        	MOV	EDX,DWORD [24+EBP]
   326 00000342 89 53 08                        	MOV	DWORD [8+EBX],EDX
   327 00000345 EB CF                           	JMP	L75
   328 00000347                                 L185:
   329 00000347 8B 4D 18                        	MOV	ECX,DWORD [24+EBP]
   330 0000034A 01 4B 08                        	ADD	DWORD [8+EBX],ECX
   331 0000034D EB C7                           	JMP	L75
   332 0000034F                                 L167:
   333 0000034F 8B 5D 24                        	MOV	EBX,DWORD [36+EBP]
   334 00000352 FF 73 04                        	PUSH	DWORD [4+EBX]
   335 00000355 FF 33                           	PUSH	DWORD [EBX]
   336 00000357 68 003C0000                     	PUSH	3932160
   337 0000035C E8 [00000000]                   	CALL	_memman_free_4k
   338 00000361 C7 03 00000000                  	MOV	DWORD [EBX],0
   339 00000367                                 L141:
   340 00000367 83 C4 0C                        	ADD	ESP,12
   341 0000036A E9 FFFFFE23                     	JMP	L3
   342 0000036F                                 L166:
   343 0000036F 31 F6                           	XOR	ESI,ESI
   344 00000371 31 C0                           	XOR	EAX,EAX
   345 00000373                                 L67:
   346 00000373 8B 4D F0                        	MOV	ECX,DWORD [-16+EBP]
   347 00000376 8B 91 0000011C                  	MOV	EDX,DWORD [284+ECX]
   348 0000037C 83 3C 02 00                     	CMP	DWORD [EDX+EAX*1],0
   349 00000380 74 09                           	JE	L63
   350 00000382 46                              	INC	ESI
   351 00000383 83 C0 0C                        	ADD	EAX,12
   352 00000386 83 FE 07                        	CMP	ESI,7
   353 00000389 7E E8                           	JLE	L67
   354 0000038B                                 L63:
   355 0000038B 6B C6 0C                        	IMUL	EAX,ESI,12
   356 0000038E C7 45 44 00000000               	MOV	DWORD [68+EBP],0
   357 00000395 8D 1C 10                        	LEA	EBX,DWORD [EAX+EDX*1]
   358 00000398 83 FE 07                        	CMP	ESI,7
   359 0000039B 0F 8F FFFFFDF1                  	JG	L3
   360 000003A1 8B 45 18                        	MOV	EAX,DWORD [24+EBP]
   361 000003A4 68 000000E0                     	PUSH	224
   362 000003A9 03 45 EC                        	ADD	EAX,DWORD [-20+EBP]
   363 000003AC 68 00102600                     	PUSH	1058304
   364 000003B1 50                              	PUSH	EAX
   365 000003B2 E8 [00000000]                   	CALL	_file_search
   366 000003B7 83 C4 0C                        	ADD	ESP,12
   367 000003BA 89 C6                           	MOV	ESI,EAX
   368 000003BC 85 C0                           	TEST	EAX,EAX
   369 000003BE 0F 84 FFFFFDCE                  	JE	L3
   370 000003C4 89 5D 44                        	MOV	DWORD [68+EBP],EBX
   371 000003C7 FF 70 1C                        	PUSH	DWORD [28+EAX]
   372 000003CA 68 003C0000                     	PUSH	3932160
   373 000003CF E8 [00000000]                   	CALL	_memman_alloc_4k
   374 000003D4 89 03                           	MOV	DWORD [EBX],EAX
   375 000003D6 8B 46 1C                        	MOV	EAX,DWORD [28+ESI]
   376 000003D9 89 43 04                        	MOV	DWORD [4+EBX],EAX
   377 000003DC 8B 45 F0                        	MOV	EAX,DWORD [-16+EBP]
   378 000003DF C7 43 08 00000000               	MOV	DWORD [8+EBX],0
   379 000003E6 68 00103E00                     	PUSH	1064448
   380 000003EB FF B0 00000120                  	PUSH	DWORD [288+EAX]
   381 000003F1 FF 33                           	PUSH	DWORD [EBX]
   382 000003F3 FF 76 1C                        	PUSH	DWORD [28+ESI]
   383 000003F6 0F B7 46 1A                     	MOVZX	EAX,WORD [26+ESI]
   384 000003FA 50                              	PUSH	EAX
   385 000003FB E8 [00000000]                   	CALL	_file_loadfile
   386 00000400 83 C4 1C                        	ADD	ESP,28
   387 00000403 E9 FFFFFD8A                     	JMP	L3
   388 00000408                                 L165:
   389 00000408 8B 55 24                        	MOV	EDX,DWORD [36+EBP]
   390 0000040B 85 D2                           	TEST	EDX,EDX
   391 0000040D 75 19                           	JNE	L58
   392 0000040F 6A 61                           	PUSH	97
   393 00000411 E8 [00000000]                   	CALL	_io_in8
   394 00000416 89 C6                           	MOV	ESI,EAX
   395 00000418 83 E6 0D                        	AND	ESI,13
   396 0000041B 56                              	PUSH	ESI
   397 0000041C 6A 61                           	PUSH	97
   398 0000041E E8 [00000000]                   	CALL	_io_out8
   399 00000423 E9 FFFFFF3F                     	JMP	L141
   400 00000428                                 L58:
   401 00000428 B9 471E7B60                     	MOV	ECX,1193180000
   402 0000042D 89 D3                           	MOV	EBX,EDX
   403 0000042F 89 C8                           	MOV	EAX,ECX
   404 00000431 68 000000B6                     	PUSH	182
   405 00000436 99                              	CDQ
   406 00000437 F7 FB                           	IDIV	EBX
   407 00000439 6A 43                           	PUSH	67
   408 0000043B 89 C6                           	MOV	ESI,EAX
   409 0000043D E8 [00000000]                   	CALL	_io_out8
   410 00000442 89 F0                           	MOV	EAX,ESI
   411 00000444 C1 FE 08                        	SAR	ESI,8
   412 00000447 25 000000FF                     	AND	EAX,255
   413 0000044C 50                              	PUSH	EAX
   414 0000044D 6A 42                           	PUSH	66
   415 0000044F E8 [00000000]                   	CALL	_io_out8
   416 00000454 56                              	PUSH	ESI
   417 00000455 6A 42                           	PUSH	66
   418 00000457 E8 [00000000]                   	CALL	_io_out8
   419 0000045C 6A 61                           	PUSH	97
   420 0000045E E8 [00000000]                   	CALL	_io_in8
   421 00000463 89 C6                           	MOV	ESI,EAX
   422 00000465 83 CE 03                        	OR	ESI,3
   423 00000468 83 E6 0F                        	AND	ESI,15
   424 0000046B 56                              	PUSH	ESI
   425 0000046C 6A 61                           	PUSH	97
   426 0000046E E8 [00000000]                   	CALL	_io_out8
   427 00000473 83 C4 24                        	ADD	ESP,36
   428 00000476 E9 FFFFFD17                     	JMP	L3
   429 0000047B                                 L164:
   430 0000047B FF 75 18                        	PUSH	DWORD [24+EBP]
   431 0000047E E8 [00000000]                   	CALL	_timer_free
   432 00000483 E9 FFFFFDD5                     	JMP	L142
   433 00000488                                 L163:
   434 00000488 FF 75 24                        	PUSH	DWORD [36+EBP]
   435 0000048B FF 75 18                        	PUSH	DWORD [24+EBP]
   436 0000048E E8 [00000000]                   	CALL	_timer_settime
   437 00000493                                 L143:
   438 00000493 5B                              	POP	EBX
   439 00000494 5E                              	POP	ESI
   440 00000495 E9 FFFFFCF8                     	JMP	L3
   441 0000049A                                 L162:
   442 0000049A 8B 45 24                        	MOV	EAX,DWORD [36+EBP]
   443 0000049D 05 00000100                     	ADD	EAX,256
   444 000004A2 50                              	PUSH	EAX
   445 000004A3 8B 45 F0                        	MOV	EAX,DWORD [-16+EBP]
   446 000004A6 83 C0 10                        	ADD	EAX,16
   447 000004A9 50                              	PUSH	EAX
   448 000004AA FF 75 18                        	PUSH	DWORD [24+EBP]
   449 000004AD E8 [00000000]                   	CALL	_timer_init
   450 000004B2 E9 FFFFFEB0                     	JMP	L141
   451 000004B7                                 L161:
   452 000004B7 E8 [00000000]                   	CALL	_timer_alloc
   453 000004BC 89 45 44                        	MOV	DWORD [68+EBP],EAX
   454 000004BF C6 40 09 01                     	MOV	BYTE [9+EAX],1
   455 000004C3 E9 FFFFFCCA                     	JMP	L3
   456 000004C8                                 L37:
   457 000004C8 E8 [00000000]                   	CALL	_io_cli
   458 000004CD 8B 45 F0                        	MOV	EAX,DWORD [-16+EBP]
   459 000004D0 83 C0 10                        	ADD	EAX,16
   460 000004D3 50                              	PUSH	EAX
   461 000004D4 E8 [00000000]                   	CALL	_fifo32_status
   462 000004D9 5A                              	POP	EDX
   463 000004DA 85 C0                           	TEST	EAX,EAX
   464 000004DC 75 13                           	JNE	L40
   465 000004DE 83 7D 24 00                     	CMP	DWORD [36+EBP],0
   466 000004E2 0F 84 000000B2                  	JE	L41
   467 000004E8 FF 75 F0                        	PUSH	DWORD [-16+EBP]
   468 000004EB E8 [00000000]                   	CALL	_task_sleep
   469 000004F0 58                              	POP	EAX
   470 000004F1                                 L40:
   471 000004F1 8B 5D F0                        	MOV	EBX,DWORD [-16+EBP]
   472 000004F4 83 C3 10                        	ADD	EBX,16
   473 000004F7 53                              	PUSH	EBX
   474 000004F8 E8 [00000000]                   	CALL	_fifo32_get
   475 000004FD 89 C6                           	MOV	ESI,EAX
   476 000004FF E8 [00000000]                   	CALL	_io_sti
   477 00000504 58                              	POP	EAX
   478 00000505 83 FE 01                        	CMP	ESI,1
   479 00000508 7E 73                           	JLE	L188
   480 0000050A                                 L43:
   481 0000050A 83 FE 02                        	CMP	ESI,2
   482 0000050D 74 65                           	JE	L189
   483 0000050F                                 L44:
   484 0000050F 83 FE 03                        	CMP	ESI,3
   485 00000512 74 57                           	JE	L190
   486 00000514                                 L45:
   487 00000514 83 FE 04                        	CMP	ESI,4
   488 00000517 74 14                           	JE	L191
   489 00000519                                 L46:
   490 00000519 8D 86 FFFFFF00                  	LEA	EAX,DWORD [-256+ESI]
   491 0000051F 81 FE 000000FF                  	CMP	ESI,255
   492 00000525 0F 8F FFFFFCF3                  	JG	L140
   493 0000052B EB 9B                           	JMP	L37
   494 0000052D                                 L191:
   495 0000052D FF 77 10                        	PUSH	DWORD [16+EDI]
   496 00000530 E8 [00000000]                   	CALL	_timer_cancel
   497 00000535 E8 [00000000]                   	CALL	_io_cli
   498 0000053A 8B 07                           	MOV	EAX,DWORD [EDI]
   499 0000053C 2B 45 E8                        	SUB	EAX,DWORD [-24+EBP]
   500 0000053F 2D 00000418                     	SUB	EAX,1048
   501 00000544 C1 F8 04                        	SAR	EAX,4
   502 00000547 69 C0 AAAAAAAB                  	IMUL	EAX,EAX,-1431655765
   503 0000054D 05 000007E8                     	ADD	EAX,2024
   504 00000552 50                              	PUSH	EAX
   505 00000553 FF 75 E4                        	PUSH	DWORD [-28+EBP]
   506 00000556 E8 [00000000]                   	CALL	_fifo32_put
   507 0000055B C7 07 00000000                  	MOV	DWORD [EDI],0
   508 00000561 E8 [00000000]                   	CALL	_io_sti
   509 00000566 83 C4 0C                        	ADD	ESP,12
   510 00000569 EB AE                           	JMP	L46
   511 0000056B                                 L190:
   512 0000056B C7 47 0C FFFFFFFF               	MOV	DWORD [12+EDI],-1
   513 00000572 EB A0                           	JMP	L45
   514 00000574                                 L189:
   515 00000574 C7 47 0C 00FFFFFF               	MOV	DWORD [12+EDI],16777215
   516 0000057B EB 92                           	JMP	L44
   517 0000057D                                 L188:
   518 0000057D 6A 01                           	PUSH	1
   519 0000057F 53                              	PUSH	EBX
   520 00000580 FF 77 10                        	PUSH	DWORD [16+EDI]
   521 00000583 E8 [00000000]                   	CALL	_timer_init
   522 00000588 6A 32                           	PUSH	50
   523 0000058A FF 77 10                        	PUSH	DWORD [16+EDI]
   524 0000058D E8 [00000000]                   	CALL	_timer_settime
   525 00000592 83 C4 14                        	ADD	ESP,20
   526 00000595 E9 FFFFFF70                     	JMP	L43
   527 0000059A                                 L41:
   528 0000059A E8 [00000000]                   	CALL	_io_sti
   529 0000059F C7 45 44 FFFFFFFF               	MOV	DWORD [68+EBP],-1
   530 000005A6 E9 FFFFFBE7                     	JMP	L3
   531 000005AB                                 L160:
   532 000005AB 8B 5D 18                        	MOV	EBX,DWORD [24+EBP]
   533 000005AE 8B 43 2C                        	MOV	EAX,DWORD [44+EBX]
   534 000005B1 FF 70 20                        	PUSH	DWORD [32+EAX]
   535 000005B4 E8 [00000000]                   	CALL	_taskbar_removewin
   536 000005B9 53                              	PUSH	EBX
   537 000005BA E8 [00000000]                   	CALL	_sheet_free
   538 000005BF E9 FFFFFECF                     	JMP	L143
   539 000005C4                                 L159:
   540 000005C4 53                              	PUSH	EBX
   541 000005C5 8B 7D 18                        	MOV	EDI,DWORD [24+EBP]
   542 000005C8 FF 75 08                        	PUSH	DWORD [8+EBP]
   543 000005CB FF 75 0C                        	PUSH	DWORD [12+EBP]
   544 000005CE FF 75 20                        	PUSH	DWORD [32+EBP]
   545 000005D1 FF 75 24                        	PUSH	DWORD [36+EBP]
   546 000005D4 83 E7 FE                        	AND	EDI,-2
   547 000005D7 57                              	PUSH	EDI
   548 000005D8 E8 00000248                     	CALL	_kal_api_linewin
   549 000005DD 83 C4 18                        	ADD	ESP,24
   550 000005E0 F7 45 18 00000001               	TEST	DWORD [24+EBP],1
   551 000005E7 0F 85 FFFFFBA5                  	JNE	L3
   552 000005ED 8B 45 24                        	MOV	EAX,DWORD [36+EBP]
   553 000005F0 3B 45 0C                        	CMP	EAX,DWORD [12+EBP]
   554 000005F3 7E 09                           	JLE	L31
   555 000005F5 8B 55 0C                        	MOV	EDX,DWORD [12+EBP]
   556 000005F8 89 45 0C                        	MOV	DWORD [12+EBP],EAX
   557 000005FB 89 55 24                        	MOV	DWORD [36+EBP],EDX
   558 000005FE                                 L31:
   559 000005FE 8B 4D 08                        	MOV	ECX,DWORD [8+EBP]
   560 00000601 39 4D 20                        	CMP	DWORD [32+EBP],ECX
   561 00000604 7E 09                           	JLE	L32
   562 00000606 8B 75 20                        	MOV	ESI,DWORD [32+EBP]
   563 00000609 89 4D 20                        	MOV	DWORD [32+EBP],ECX
   564 0000060C 89 75 08                        	MOV	DWORD [8+EBP],ESI
   565 0000060F                                 L32:
   566 0000060F 8B 45 08                        	MOV	EAX,DWORD [8+EBP]
   567 00000612 40                              	INC	EAX
   568 00000613 50                              	PUSH	EAX
   569 00000614 8B 45 0C                        	MOV	EAX,DWORD [12+EBP]
   570 00000617 40                              	INC	EAX
   571 00000618 50                              	PUSH	EAX
   572 00000619 FF 75 20                        	PUSH	DWORD [32+EBP]
   573 0000061C FF 75 24                        	PUSH	DWORD [36+EBP]
   574 0000061F E9 FFFFFBE9                     	JMP	L144
   575 00000624                                 L158:
   576 00000624 FF 75 08                        	PUSH	DWORD [8+EBP]
   577 00000627 FF 75 0C                        	PUSH	DWORD [12+EBP]
   578 0000062A FF 75 20                        	PUSH	DWORD [32+EBP]
   579 0000062D FF 75 24                        	PUSH	DWORD [36+EBP]
   580 00000630 FF 75 18                        	PUSH	DWORD [24+EBP]
   581 00000633 E9 FFFFFBD6                     	JMP	L145
   582 00000638                                 L157:
   583 00000638 8B 7D 18                        	MOV	EDI,DWORD [24+EBP]
   584 0000063B 8B 45 08                        	MOV	EAX,DWORD [8+EBP]
   585 0000063E 83 E7 FE                        	AND	EDI,-2
   586 00000641 8B 55 24                        	MOV	EDX,DWORD [36+EBP]
   587 00000644 0F AF 47 04                     	IMUL	EAX,DWORD [4+EDI]
   588 00000648 03 45 0C                        	ADD	EAX,DWORD [12+EBP]
   589 0000064B 8B 0F                           	MOV	ECX,DWORD [EDI]
   590 0000064D 89 14 81                        	MOV	DWORD [ECX+EAX*4],EDX
   591 00000650 F7 45 18 00000001               	TEST	DWORD [24+EBP],1
   592 00000657 0F 85 FFFFFB35                  	JNE	L3
   593 0000065D 8B 45 08                        	MOV	EAX,DWORD [8+EBP]
   594 00000660 40                              	INC	EAX
   595 00000661 50                              	PUSH	EAX
   596 00000662 8B 45 0C                        	MOV	EAX,DWORD [12+EBP]
   597 00000665 40                              	INC	EAX
   598 00000666 50                              	PUSH	EAX
   599 00000667 FF 75 08                        	PUSH	DWORD [8+EBP]
   600 0000066A FF 75 0C                        	PUSH	DWORD [12+EBP]
   601 0000066D E9 FFFFFB9B                     	JMP	L144
   602 00000672                                 L156:
   603 00000672 8B 45 20                        	MOV	EAX,DWORD [32+EBP]
   604 00000675 83 C0 0F                        	ADD	EAX,15
   605 00000678 83 E0 F0                        	AND	EAX,-16
   606 0000067B 50                              	PUSH	EAX
   607 0000067C 8B 45 18                        	MOV	EAX,DWORD [24+EBP]
   608 0000067F 03 45 EC                        	ADD	EAX,DWORD [-20+EBP]
   609 00000682 FF 75 24                        	PUSH	DWORD [36+EBP]
   610 00000685 50                              	PUSH	EAX
   611 00000686 E8 [00000000]                   	CALL	_memman_free
   612 0000068B E9 FFFFFCD7                     	JMP	L141
   613 00000690                                 L155:
   614 00000690 8B 45 20                        	MOV	EAX,DWORD [32+EBP]
   615 00000693 83 C0 0F                        	ADD	EAX,15
   616 00000696 83 E0 F0                        	AND	EAX,-16
   617 00000699 50                              	PUSH	EAX
   618 0000069A 8B 45 18                        	MOV	EAX,DWORD [24+EBP]
   619 0000069D 03 45 EC                        	ADD	EAX,DWORD [-20+EBP]
   620 000006A0 50                              	PUSH	EAX
   621 000006A1 E8 [00000000]                   	CALL	_memman_alloc
   622 000006A6 89 45 44                        	MOV	DWORD [68+EBP],EAX
   623 000006A9 E9 FFFFFDE5                     	JMP	L143
   624 000006AE                                 L154:
   625 000006AE 8B 5D 18                        	MOV	EBX,DWORD [24+EBP]
   626 000006B1 03 5D EC                        	ADD	EBX,DWORD [-20+EBP]
   627 000006B4 53                              	PUSH	EBX
   628 000006B5 E8 [00000000]                   	CALL	_memman_init
   629 000006BA 83 65 20 F0                     	AND	DWORD [32+EBP],-16
   630 000006BE FF 75 20                        	PUSH	DWORD [32+EBP]
   631 000006C1 FF 75 24                        	PUSH	DWORD [36+EBP]
   632 000006C4 53                              	PUSH	EBX
   633 000006C5 E8 [00000000]                   	CALL	_memman_free
   634 000006CA 83 C4 10                        	ADD	ESP,16
   635 000006CD E9 FFFFFAC0                     	JMP	L3
   636 000006D2                                 L153:
   637 000006D2 FF 75 08                        	PUSH	DWORD [8+EBP]
   638 000006D5 FF 75 0C                        	PUSH	DWORD [12+EBP]
   639 000006D8 FF 75 20                        	PUSH	DWORD [32+EBP]
   640 000006DB 8B 7D 18                        	MOV	EDI,DWORD [24+EBP]
   641 000006DE FF 75 24                        	PUSH	DWORD [36+EBP]
   642 000006E1 83 E7 FE                        	AND	EDI,-2
   643 000006E4 53                              	PUSH	EBX
   644 000006E5 FF 77 04                        	PUSH	DWORD [4+EDI]
   645 000006E8 FF 37                           	PUSH	DWORD [EDI]
   646 000006EA E8 [00000000]                   	CALL	_boxfill8
   647 000006EF 83 C4 1C                        	ADD	ESP,28
   648 000006F2 F7 45 18 00000001               	TEST	DWORD [24+EBP],1
   649 000006F9 0F 85 FFFFFA93                  	JNE	L3
   650 000006FF E9 FFFFFF0B                     	JMP	L32
   651 00000704                                 L152:
   652 00000704 8B 55 EC                        	MOV	EDX,DWORD [-20+EBP]
   653 00000707 8B 7D 18                        	MOV	EDI,DWORD [24+EBP]
   654 0000070A 83 E7 FE                        	AND	EDI,-2
   655 0000070D 8D 04 1A                        	LEA	EAX,DWORD [EDX+EBX*1]
   656 00000710 50                              	PUSH	EAX
   657 00000711 FF 75 24                        	PUSH	DWORD [36+EBP]
   658 00000714 FF 75 08                        	PUSH	DWORD [8+EBP]
   659 00000717 FF 75 0C                        	PUSH	DWORD [12+EBP]
   660 0000071A FF 77 04                        	PUSH	DWORD [4+EDI]
   661 0000071D FF 37                           	PUSH	DWORD [EDI]
   662 0000071F E8 [00000000]                   	CALL	_putfonts8_asc
   663 00000724 83 C4 18                        	ADD	ESP,24
   664 00000727 F7 45 18 00000001               	TEST	DWORD [24+EBP],1
   665 0000072E 0F 85 FFFFFA5E                  	JNE	L3
   666 00000734 8B 5D 0C                        	MOV	EBX,DWORD [12+EBP]
   667 00000737 8B 45 08                        	MOV	EAX,DWORD [8+EBP]
   668 0000073A 8B 4D 20                        	MOV	ECX,DWORD [32+EBP]
   669 0000073D 83 C0 10                        	ADD	EAX,16
   670 00000740 50                              	PUSH	EAX
   671 00000741 8D 04 CB                        	LEA	EAX,DWORD [EBX+ECX*8]
   672 00000744 50                              	PUSH	EAX
   673 00000745 FF 75 08                        	PUSH	DWORD [8+EBP]
   674 00000748 53                              	PUSH	EBX
   675 00000749 E9 FFFFFABF                     	JMP	L144
   676 0000074E                                 L151:
   677 0000074E FF 75 E8                        	PUSH	DWORD [-24+EBP]
   678 00000751 BE 00000002                     	MOV	ESI,2
   679 00000756 E8 [00000000]                   	CALL	_sheet_alloc
   680 0000075B 8B 55 F0                        	MOV	EDX,DWORD [-16+EBP]
   681 0000075E 8B 4D EC                        	MOV	ECX,DWORD [-20+EBP]
   682 00000761 89 50 28                        	MOV	DWORD [40+EAX],EDX
   683 00000764 8B 5D 18                        	MOV	EBX,DWORD [24+EBP]
   684 00000767 C7 40 1C 00000002               	MOV	DWORD [28+EAX],2
   685 0000076E FF 75 24                        	PUSH	DWORD [36+EBP]
   686 00000771 FF 75 08                        	PUSH	DWORD [8+EBP]
   687 00000774 FF 75 0C                        	PUSH	DWORD [12+EBP]
   688 00000777 89 C7                           	MOV	EDI,EAX
   689 00000779 8D 04 8B                        	LEA	EAX,DWORD [EBX+ECX*4]
   690 0000077C 50                              	PUSH	EAX
   691 0000077D 57                              	PUSH	EDI
   692 0000077E E8 [00000000]                   	CALL	_sheet_setbuf
   693 00000783 8B 45 20                        	MOV	EAX,DWORD [32+EBP]
   694 00000786 03 45 EC                        	ADD	EAX,DWORD [-20+EBP]
   695 00000789 6A 00                           	PUSH	0
   696 0000078B 50                              	PUSH	EAX
   697 0000078C 68 00CD9B9B                     	PUSH	13474715
   698 00000791 68 00FFC1C1                     	PUSH	16761281
   699 00000796 FF 75 08                        	PUSH	DWORD [8+EBP]
   700 00000799 FF 75 0C                        	PUSH	DWORD [12+EBP]
   701 0000079C 57                              	PUSH	EDI
   702 0000079D E8 [00000000]                   	CALL	_make_window8
   703 000007A2 8B 4D E8                        	MOV	ECX,DWORD [-24+EBP]
   704 000007A5 8B 55 E8                        	MOV	EDX,DWORD [-24+EBP]
   705 000007A8 89 C3                           	MOV	EBX,EAX
   706 000007AA 83 C4 34                        	ADD	ESP,52
   707 000007AD 8B 42 0C                        	MOV	EAX,DWORD [12+EDX]
   708 000007B0 2B 45 08                        	SUB	EAX,DWORD [8+EBP]
   709 000007B3 99                              	CDQ
   710 000007B4 F7 FE                           	IDIV	ESI
   711 000007B6 50                              	PUSH	EAX
   712 000007B7 8B 41 08                        	MOV	EAX,DWORD [8+ECX]
   713 000007BA 2B 45 0C                        	SUB	EAX,DWORD [12+EBP]
   714 000007BD 99                              	CDQ
   715 000007BE F7 FE                           	IDIV	ESI
   716 000007C0 83 E0 FC                        	AND	EAX,-4
   717 000007C3 50                              	PUSH	EAX
   718 000007C4 57                              	PUSH	EDI
   719 000007C5 E8 [00000000]                   	CALL	_sheet_slide
   720 000007CA 8B 45 E8                        	MOV	EAX,DWORD [-24+EBP]
   721 000007CD FF 70 10                        	PUSH	DWORD [16+EAX]
   722 000007D0 57                              	PUSH	EDI
   723 000007D1 E8 [00000000]                   	CALL	_sheet_updown
   724 000007D6 8B 43 1C                        	MOV	EAX,DWORD [28+EBX]
   725 000007D9 89 45 44                        	MOV	DWORD [68+EBP],EAX
   726 000007DC E9 FFFFFA32                     	JMP	L146
   727 000007E1                                 L150:
   728 000007E1 8B 45 F0                        	MOV	EAX,DWORD [-16+EBP]
   729 000007E4 83 C0 30                        	ADD	EAX,48
   730 000007E7 E9 FFFFF9A8                     	JMP	L1
   731 000007EC                                 L149:
   732 000007EC 8B 45 18                        	MOV	EAX,DWORD [24+EBP]
   733 000007EF 03 45 EC                        	ADD	EAX,DWORD [-20+EBP]
   734 000007F2 FF 75 20                        	PUSH	DWORD [32+EBP]
   735 000007F5 50                              	PUSH	EAX
   736 000007F6 57                              	PUSH	EDI
   737 000007F7 E8 [00000000]                   	CALL	_cons_putstr1
   738 000007FC E9 FFFFFB66                     	JMP	L141
   739 00000801                                 L148:
   740 00000801 8B 45 18                        	MOV	EAX,DWORD [24+EBP]
   741 00000804 03 45 EC                        	ADD	EAX,DWORD [-20+EBP]
   742 00000807 50                              	PUSH	EAX
   743 00000808 57                              	PUSH	EDI
   744 00000809 E8 [00000000]                   	CALL	_cons_putstr0
   745 0000080E E9 FFFFFC80                     	JMP	L143
   746 00000813                                 L147:
   747 00000813 6A 01                           	PUSH	1
   748 00000815 0F B6 45 24                     	MOVZX	EAX,BYTE [36+EBP]
   749 00000819 50                              	PUSH	EAX
   750 0000081A 57                              	PUSH	EDI
   751 0000081B E8 [00000000]                   	CALL	_cons_putchar
   752 00000820 E9 FFFFFB42                     	JMP	L141
   753 00000825                                 	GLOBAL	_kal_api_linewin
   754 00000825                                 _kal_api_linewin:
   755 00000825 55                              	PUSH	EBP
   756 00000826 89 E5                           	MOV	EBP,ESP
   757 00000828 57                              	PUSH	EDI
   758 00000829 56                              	PUSH	ESI
   759 0000082A 53                              	PUSH	EBX
   760 0000082B 56                              	PUSH	ESI
   761 0000082C 56                              	PUSH	ESI
   762 0000082D 8B 7D 0C                        	MOV	EDI,DWORD [12+EBP]
   763 00000830 8B 45 14                        	MOV	EAX,DWORD [20+EBP]
   764 00000833 89 F9                           	MOV	ECX,EDI
   765 00000835 8B 55 18                        	MOV	EDX,DWORD [24+EBP]
   766 00000838 C1 E1 0A                        	SAL	ECX,10
   767 0000083B 89 D6                           	MOV	ESI,EDX
   768 0000083D 89 4D F0                        	MOV	DWORD [-16+EBP],ECX
   769 00000840 89 C3                           	MOV	EBX,EAX
   770 00000842 8B 4D 10                        	MOV	ECX,DWORD [16+EBP]
   771 00000845 2B 75 10                        	SUB	ESI,DWORD [16+EBP]
   772 00000848 C1 E1 0A                        	SAL	ECX,10
   773 0000084B 29 FB                           	SUB	EBX,EDI
   774 0000084D 89 4D EC                        	MOV	DWORD [-20+EBP],ECX
   775 00000850 0F 88 0000009F                  	JS	L214
   776 00000856                                 L193:
   777 00000856 85 F6                           	TEST	ESI,ESI
   778 00000858 0F 88 00000090                  	JS	L215
   779 0000085E                                 L194:
   780 0000085E 39 F3                           	CMP	EBX,ESI
   781 00000860 7C 5E                           	JL	L195
   782 00000862 8D 4B 01                        	LEA	ECX,DWORD [1+EBX]
   783 00000865 39 C7                           	CMP	EDI,EAX
   784 00000867 BB FFFFFC00                     	MOV	EBX,-1024
   785 0000086C 7F 05                           	JG	L197
   786 0000086E BB 00000400                     	MOV	EBX,1024
   787 00000873                                 L197:
   788 00000873 39 55 10                        	CMP	DWORD [16+EBP],EDX
   789 00000876 7F 42                           	JG	L198
   790 00000878 2B 55 10                        	SUB	EDX,DWORD [16+EBP]
   791 0000087B 42                              	INC	EDX
   792 0000087C                                 L213:
   793 0000087C C1 E2 0A                        	SAL	EDX,10
   794 0000087F 89 D0                           	MOV	EAX,EDX
   795 00000881 99                              	CDQ
   796 00000882 F7 F9                           	IDIV	ECX
   797 00000884 89 C6                           	MOV	ESI,EAX
   798 00000886                                 L200:
   799 00000886 85 C9                           	TEST	ECX,ECX
   800 00000888 7E 29                           	JLE	L211
   801 0000088A 8B 55 08                        	MOV	EDX,DWORD [8+EBP]
   802 0000088D 8B 3A                           	MOV	EDI,DWORD [EDX]
   803 0000088F                                 L209:
   804 0000088F 8B 45 EC                        	MOV	EAX,DWORD [-20+EBP]
   805 00000892 8B 55 08                        	MOV	EDX,DWORD [8+EBP]
   806 00000895 C1 F8 0A                        	SAR	EAX,10
   807 00000898 01 75 EC                        	ADD	DWORD [-20+EBP],ESI
   808 0000089B 0F AF 42 04                     	IMUL	EAX,DWORD [4+EDX]
   809 0000089F 8B 55 F0                        	MOV	EDX,DWORD [-16+EBP]
   810 000008A2 01 5D F0                        	ADD	DWORD [-16+EBP],EBX
   811 000008A5 C1 FA 0A                        	SAR	EDX,10
   812 000008A8 01 D0                           	ADD	EAX,EDX
   813 000008AA 8B 55 1C                        	MOV	EDX,DWORD [28+EBP]
   814 000008AD 49                              	DEC	ECX
   815 000008AE 89 14 87                        	MOV	DWORD [EDI+EAX*4],EDX
   816 000008B1 75 DC                           	JNE	L209
   817 000008B3                                 L211:
   818 000008B3 59                              	POP	ECX
   819 000008B4 5B                              	POP	EBX
   820 000008B5 5B                              	POP	EBX
   821 000008B6 5E                              	POP	ESI
   822 000008B7 5F                              	POP	EDI
   823 000008B8 5D                              	POP	EBP
   824 000008B9 C3                              	RET
   825 000008BA                                 L198:
   826 000008BA 2B 55 10                        	SUB	EDX,DWORD [16+EBP]
   827 000008BD 4A                              	DEC	EDX
   828 000008BE EB BC                           	JMP	L213
   829 000008C0                                 L195:
   830 000008C0 8D 4E 01                        	LEA	ECX,DWORD [1+ESI]
   831 000008C3 39 55 10                        	CMP	DWORD [16+EBP],EDX
   832 000008C6 BE FFFFFC00                     	MOV	ESI,-1024
   833 000008CB 7F 05                           	JG	L202
   834 000008CD BE 00000400                     	MOV	ESI,1024
   835 000008D2                                 L202:
   836 000008D2 39 C7                           	CMP	EDI,EAX
   837 000008D4 7F 11                           	JG	L203
   838 000008D6 29 F8                           	SUB	EAX,EDI
   839 000008D8 8D 50 01                        	LEA	EDX,DWORD [1+EAX]
   840 000008DB                                 L212:
   841 000008DB C1 E2 0A                        	SAL	EDX,10
   842 000008DE 89 D0                           	MOV	EAX,EDX
   843 000008E0 99                              	CDQ
   844 000008E1 F7 F9                           	IDIV	ECX
   845 000008E3 89 C3                           	MOV	EBX,EAX
   846 000008E5 EB 9F                           	JMP	L200
   847 000008E7                                 L203:
   848 000008E7 29 F8                           	SUB	EAX,EDI
   849 000008E9 8D 50 FF                        	LEA	EDX,DWORD [-1+EAX]
   850 000008EC EB ED                           	JMP	L212
   851 000008EE                                 L215:
   852 000008EE F7 DE                           	NEG	ESI
   853 000008F0 E9 FFFFFF69                     	JMP	L194
   854 000008F5                                 L214:
   855 000008F5 F7 DB                           	NEG	EBX
   856 000008F7 E9 FFFFFF5A                     	JMP	L193
