     1 00000000                                 [FORMAT "WCOFF"]
     2 00000000                                 [INSTRSET "i486p"]
     3 00000000                                 [OPTIMIZE 1]
     4 00000000                                 [OPTION 1]
     5 00000000                                 [BITS 32]
     6 00000000                                 [FILE "list.c"]
     7                                          [SECTION .text]
     8 00000000                                 	GLOBAL	_list_init
     9 00000000                                 _list_init:
    10 00000000 55                              	PUSH	EBP
    11 00000001 89 E5                           	MOV	EBP,ESP
    12 00000003 8B 45 08                        	MOV	EAX,DWORD [8+EBP]
    13 00000006 8D 50 08                        	LEA	EDX,DWORD [8+EAX]
    14 00000009 C7 00 00000000                  	MOV	DWORD [EAX],0
    15 0000000F 89 50 04                        	MOV	DWORD [4+EAX],EDX
    16 00000012 89 40 08                        	MOV	DWORD [8+EAX],EAX
    17 00000015 C7 40 0C 00000000               	MOV	DWORD [12+EAX],0
    18 0000001C 5D                              	POP	EBP
    19 0000001D C3                              	RET
    20 0000001E                                 	GLOBAL	_list_insert_before
    21 0000001E                                 _list_insert_before:
    22 0000001E 55                              	PUSH	EBP
    23 0000001F 89 E5                           	MOV	EBP,ESP
    24 00000021 5D                              	POP	EBP
    25 00000022 C3                              	RET
    26 00000023                                 	GLOBAL	_list_push
    27 00000023                                 _list_push:
    28 00000023 55                              	PUSH	EBP
    29 00000024 89 E5                           	MOV	EBP,ESP
    30 00000026 5D                              	POP	EBP
    31 00000027 C3                              	RET
    32 00000028                                 	GLOBAL	_list_append
    33 00000028                                 _list_append:
    34 00000028 55                              	PUSH	EBP
    35 00000029 89 E5                           	MOV	EBP,ESP
    36 0000002B 5D                              	POP	EBP
    37 0000002C C3                              	RET
    38 0000002D                                 	GLOBAL	_list_remove
    39 0000002D                                 _list_remove:
    40 0000002D 55                              	PUSH	EBP
    41 0000002E 89 E5                           	MOV	EBP,ESP
    42 00000030 5D                              	POP	EBP
    43 00000031 C3                              	RET
    44 00000032                                 	GLOBAL	_list_pop
    45 00000032                                 _list_pop:
    46 00000032 55                              	PUSH	EBP
    47 00000033 31 C0                           	XOR	EAX,EAX
    48 00000035 89 E5                           	MOV	EBP,ESP
    49 00000037 5D                              	POP	EBP
    50 00000038 C3                              	RET
    51 00000039                                 	GLOBAL	_elem_find
    52 00000039                                 _elem_find:
    53 00000039 55                              	PUSH	EBP
    54 0000003A 83 C8 FF                        	OR	EAX,-1
    55 0000003D 89 E5                           	MOV	EBP,ESP
    56 0000003F 5D                              	POP	EBP
    57 00000040 C3                              	RET
    58 00000041                                 	GLOBAL	_list_empty
    59 00000041                                 _list_empty:
    60 00000041 55                              	PUSH	EBP
    61 00000042 89 E5                           	MOV	EBP,ESP
    62 00000044 8B 55 08                        	MOV	EDX,DWORD [8+EBP]
    63 00000047 5D                              	POP	EBP
    64 00000048 8D 42 08                        	LEA	EAX,DWORD [8+EDX]
    65 0000004B 39 42 04                        	CMP	DWORD [4+EDX],EAX
    66 0000004E 0F 94 C0                        	SETE	AL
    67 00000051 0F B6 C0                        	MOVZX	EAX,AL
    68 00000054 C3                              	RET
