     1 00000000                                 [FORMAT "WCOFF"]
     2 00000000                                 [INSTRSET "i486p"]
     3 00000000                                 [OPTIMIZE 1]
     4 00000000                                 [OPTION 1]
     5 00000000                                 [BITS 32]
     6 00000000                                 	EXTERN	_io_load_eflags
     7 00000000                                 	EXTERN	_io_store_eflags
     8 00000000                                 	EXTERN	_memtest_sub
     9 00000000                                 	EXTERN	_load_cr0
    10 00000000                                 	EXTERN	_store_cr0
    11 00000000                                 [FILE "memory.c"]
    12                                          [SECTION .text]
    13 00000000                                 	GLOBAL	_memtest
    14 00000000                                 _memtest:
    15 00000000 55                              	PUSH	EBP
    16 00000001 89 E5                           	MOV	EBP,ESP
    17 00000003 56                              	PUSH	ESI
    18 00000004 53                              	PUSH	EBX
    19 00000005 31 F6                           	XOR	ESI,ESI
    20 00000007 E8 [00000000]                   	CALL	_io_load_eflags
    21 0000000C 0D 00040000                     	OR	EAX,262144
    22 00000011 50                              	PUSH	EAX
    23 00000012 E8 [00000000]                   	CALL	_io_store_eflags
    24 00000017 E8 [00000000]                   	CALL	_io_load_eflags
    25 0000001C 5A                              	POP	EDX
    26 0000001D A9 00040000                     	TEST	EAX,262144
    27 00000022 74 05                           	JE	L2
    28 00000024 BE 00000001                     	MOV	ESI,1
    29 00000029                                 L2:
    30 00000029 25 FFFBFFFF                     	AND	EAX,-262145
    31 0000002E 50                              	PUSH	EAX
    32 0000002F E8 [00000000]                   	CALL	_io_store_eflags
    33 00000034 58                              	POP	EAX
    34 00000035 89 F0                           	MOV	EAX,ESI
    35 00000037 84 C0                           	TEST	AL,AL
    36 00000039 75 31                           	JNE	L5
    37 0000003B                                 L3:
    38 0000003B FF 75 0C                        	PUSH	DWORD [12+EBP]
    39 0000003E FF 75 08                        	PUSH	DWORD [8+EBP]
    40 00000041 E8 [00000000]                   	CALL	_memtest_sub
    41 00000046 5A                              	POP	EDX
    42 00000047 89 C3                           	MOV	EBX,EAX
    43 00000049 59                              	POP	ECX
    44 0000004A 89 F0                           	MOV	EAX,ESI
    45 0000004C 84 C0                           	TEST	AL,AL
    46 0000004E 75 09                           	JNE	L6
    47 00000050                                 L4:
    48 00000050 8D 65 F8                        	LEA	ESP,DWORD [-8+EBP]
    49 00000053 89 D8                           	MOV	EAX,EBX
    50 00000055 5B                              	POP	EBX
    51 00000056 5E                              	POP	ESI
    52 00000057 5D                              	POP	EBP
    53 00000058 C3                              	RET
    54 00000059                                 L6:
    55 00000059 E8 [00000000]                   	CALL	_load_cr0
    56 0000005E 25 9FFFFFFF                     	AND	EAX,-1610612737
    57 00000063 50                              	PUSH	EAX
    58 00000064 E8 [00000000]                   	CALL	_store_cr0
    59 00000069 58                              	POP	EAX
    60 0000006A EB E4                           	JMP	L4
    61 0000006C                                 L5:
    62 0000006C E8 [00000000]                   	CALL	_load_cr0
    63 00000071 0D 60000000                     	OR	EAX,1610612736
    64 00000076 50                              	PUSH	EAX
    65 00000077 E8 [00000000]                   	CALL	_store_cr0
    66 0000007C 5B                              	POP	EBX
    67 0000007D EB BC                           	JMP	L3
    68 0000007F                                 	GLOBAL	_memman_init
    69 0000007F                                 _memman_init:
    70 0000007F 55                              	PUSH	EBP
    71 00000080 89 E5                           	MOV	EBP,ESP
    72 00000082 8B 45 08                        	MOV	EAX,DWORD [8+EBP]
    73 00000085 C7 00 00000000                  	MOV	DWORD [EAX],0
    74 0000008B C7 40 04 00000000               	MOV	DWORD [4+EAX],0
    75 00000092 C7 40 08 00000000               	MOV	DWORD [8+EAX],0
    76 00000099 C7 40 0C 00000000               	MOV	DWORD [12+EAX],0
    77 000000A0 5D                              	POP	EBP
    78 000000A1 C3                              	RET
    79 000000A2                                 	GLOBAL	_memman_total
    80 000000A2                                 _memman_total:
    81 000000A2 55                              	PUSH	EBP
    82 000000A3 31 C0                           	XOR	EAX,EAX
    83 000000A5 89 E5                           	MOV	EBP,ESP
    84 000000A7 31 D2                           	XOR	EDX,EDX
    85 000000A9 53                              	PUSH	EBX
    86 000000AA 8B 5D 08                        	MOV	EBX,DWORD [8+EBP]
    87 000000AD 8B 0B                           	MOV	ECX,DWORD [EBX]
    88 000000AF 39 C8                           	CMP	EAX,ECX
    89 000000B1 73 09                           	JAE	L15
    90 000000B3                                 L13:
    91 000000B3 03 44 D3 14                     	ADD	EAX,DWORD [20+EBX+EDX*8]
    92 000000B7 42                              	INC	EDX
    93 000000B8 39 CA                           	CMP	EDX,ECX
    94 000000BA 72 F7                           	JB	L13
    95 000000BC                                 L15:
    96 000000BC 5B                              	POP	EBX
    97 000000BD 5D                              	POP	EBP
    98 000000BE C3                              	RET
    99 000000BF                                 	GLOBAL	_memman_alloc
   100 000000BF                                 _memman_alloc:
   101 000000BF 55                              	PUSH	EBP
   102 000000C0 89 E5                           	MOV	EBP,ESP
   103 000000C2 57                              	PUSH	EDI
   104 000000C3 56                              	PUSH	ESI
   105 000000C4 53                              	PUSH	EBX
   106 000000C5 51                              	PUSH	ECX
   107 000000C6 31 C9                           	XOR	ECX,ECX
   108 000000C8 8B 5D 08                        	MOV	EBX,DWORD [8+EBP]
   109 000000CB A1 00010000                     	MOV	EAX,DWORD [65536]
   110 000000D0 89 45 F0                        	MOV	DWORD [-16+EBP],EAX
   111 000000D3 8B 75 0C                        	MOV	ESI,DWORD [12+EBP]
   112 000000D6 8B 03                           	MOV	EAX,DWORD [EBX]
   113 000000D8 39 C1                           	CMP	ECX,EAX
   114 000000DA 73 0D                           	JAE	L30
   115 000000DC                                 L28:
   116 000000DC 8B 54 CB 14                     	MOV	EDX,DWORD [20+EBX+ECX*8]
   117 000000E0 39 F2                           	CMP	EDX,ESI
   118 000000E2 73 0F                           	JAE	L32
   119 000000E4 41                              	INC	ECX
   120 000000E5 39 C1                           	CMP	ECX,EAX
   121 000000E7 72 F3                           	JB	L28
   122 000000E9                                 L30:
   123 000000E9 31 C0                           	XOR	EAX,EAX
   124 000000EB                                 L16:
   125 000000EB 8D 65 F4                        	LEA	ESP,DWORD [-12+EBP]
   126 000000EE 5B                              	POP	EBX
   127 000000EF 5E                              	POP	ESI
   128 000000F0 5F                              	POP	EDI
   129 000000F1 5D                              	POP	EBP
   130 000000F2 C3                              	RET
   131 000000F3                                 L32:
   132 000000F3 8B 7C CB 10                     	MOV	EDI,DWORD [16+EBX+ECX*8]
   133 000000F7 8D 04 3E                        	LEA	EAX,DWORD [ESI+EDI*1]
   134 000000FA 89 44 CB 10                     	MOV	DWORD [16+EBX+ECX*8],EAX
   135 000000FE 89 D0                           	MOV	EAX,EDX
   136 00000100 29 F0                           	SUB	EAX,ESI
   137 00000102 89 44 CB 14                     	MOV	DWORD [20+EBX+ECX*8],EAX
   138 00000106 85 C0                           	TEST	EAX,EAX
   139 00000108 75 20                           	JNE	L22
   140 0000010A 8B 03                           	MOV	EAX,DWORD [EBX]
   141 0000010C 48                              	DEC	EAX
   142 0000010D 89 03                           	MOV	DWORD [EBX],EAX
   143 0000010F 39 C1                           	CMP	ECX,EAX
   144 00000111 73 17                           	JAE	L22
   145 00000113 89 C6                           	MOV	ESI,EAX
   146 00000115                                 L27:
   147 00000115 8B 44 CB 18                     	MOV	EAX,DWORD [24+EBX+ECX*8]
   148 00000119 8B 54 CB 1C                     	MOV	EDX,DWORD [28+EBX+ECX*8]
   149 0000011D 89 44 CB 10                     	MOV	DWORD [16+EBX+ECX*8],EAX
   150 00000121 89 54 CB 14                     	MOV	DWORD [20+EBX+ECX*8],EDX
   151 00000125 41                              	INC	ECX
   152 00000126 39 F1                           	CMP	ECX,ESI
   153 00000128 72 EB                           	JB	L27
   154 0000012A                                 L22:
   155 0000012A 53                              	PUSH	EBX
   156 0000012B E8 FFFFFF72                     	CALL	_memman_total
   157 00000130 8B 55 F0                        	MOV	EDX,DWORD [-16+EBP]
   158 00000133 89 42 14                        	MOV	DWORD [20+EDX],EAX
   159 00000136 89 F8                           	MOV	EAX,EDI
   160 00000138 EB B1                           	JMP	L16
   161 0000013A                                 	GLOBAL	_memman_free
   162 0000013A                                 _memman_free:
   163 0000013A 55                              	PUSH	EBP
   164 0000013B 89 E5                           	MOV	EBP,ESP
   165 0000013D 57                              	PUSH	EDI
   166 0000013E 56                              	PUSH	ESI
   167 0000013F 8B 75 08                        	MOV	ESI,DWORD [8+EBP]
   168 00000142 53                              	PUSH	EBX
   169 00000143 31 DB                           	XOR	EBX,EBX
   170 00000145 8B 3E                           	MOV	EDI,DWORD [ESI]
   171 00000147 39 FB                           	CMP	EBX,EDI
   172 00000149 7D 0E                           	JGE	L35
   173 0000014B                                 L39:
   174 0000014B 8B 45 0C                        	MOV	EAX,DWORD [12+EBP]
   175 0000014E 39 44 DE 10                     	CMP	DWORD [16+ESI+EBX*8],EAX
   176 00000152 77 05                           	JA	L35
   177 00000154 43                              	INC	EBX
   178 00000155 39 FB                           	CMP	EBX,EDI
   179 00000157 7C F2                           	JL	L39
   180 00000159                                 L35:
   181 00000159 85 DB                           	TEST	EBX,EBX
   182 0000015B 7E 0F                           	JLE	L40
   183 0000015D 8B 54 DE 0C                     	MOV	EDX,DWORD [12+ESI+EBX*8]
   184 00000161 8B 44 DE 08                     	MOV	EAX,DWORD [8+ESI+EBX*8]
   185 00000165 01 D0                           	ADD	EAX,EDX
   186 00000167 3B 45 0C                        	CMP	EAX,DWORD [12+EBP]
   187 0000016A 74 73                           	JE	L63
   188 0000016C                                 L40:
   189 0000016C 39 FB                           	CMP	EBX,EDI
   190 0000016E 7D 0C                           	JGE	L49
   191 00000170 8B 45 0C                        	MOV	EAX,DWORD [12+EBP]
   192 00000173 03 45 10                        	ADD	EAX,DWORD [16+EBP]
   193 00000176 3B 44 DE 10                     	CMP	EAX,DWORD [16+ESI+EBX*8]
   194 0000017A 74 53                           	JE	L64
   195 0000017C                                 L49:
   196 0000017C 81 FF 00000FF9                  	CMP	EDI,4089
   197 00000182 7F 3D                           	JG	L51
   198 00000184 89 F9                           	MOV	ECX,EDI
   199 00000186 39 DF                           	CMP	EDI,EBX
   200 00000188 7E 15                           	JLE	L61
   201 0000018A                                 L56:
   202 0000018A 8B 44 CE 08                     	MOV	EAX,DWORD [8+ESI+ECX*8]
   203 0000018E 8B 54 CE 0C                     	MOV	EDX,DWORD [12+ESI+ECX*8]
   204 00000192 89 44 CE 10                     	MOV	DWORD [16+ESI+ECX*8],EAX
   205 00000196 89 54 CE 14                     	MOV	DWORD [20+ESI+ECX*8],EDX
   206 0000019A 49                              	DEC	ECX
   207 0000019B 39 D9                           	CMP	ECX,EBX
   208 0000019D 7F EB                           	JG	L56
   209 0000019F                                 L61:
   210 0000019F 8D 47 01                        	LEA	EAX,DWORD [1+EDI]
   211 000001A2 89 06                           	MOV	DWORD [ESI],EAX
   212 000001A4 39 46 04                        	CMP	DWORD [4+ESI],EAX
   213 000001A7 7D 03                           	JGE	L57
   214 000001A9 89 46 04                        	MOV	DWORD [4+ESI],EAX
   215 000001AC                                 L57:
   216 000001AC 8B 45 0C                        	MOV	EAX,DWORD [12+EBP]
   217 000001AF 89 44 DE 10                     	MOV	DWORD [16+ESI+EBX*8],EAX
   218 000001B3 8B 45 10                        	MOV	EAX,DWORD [16+EBP]
   219 000001B6 89 44 DE 14                     	MOV	DWORD [20+ESI+EBX*8],EAX
   220 000001BA                                 L62:
   221 000001BA 31 C0                           	XOR	EAX,EAX
   222 000001BC                                 L33:
   223 000001BC 5B                              	POP	EBX
   224 000001BD 5E                              	POP	ESI
   225 000001BE 5F                              	POP	EDI
   226 000001BF 5D                              	POP	EBP
   227 000001C0 C3                              	RET
   228 000001C1                                 L51:
   229 000001C1 8B 45 10                        	MOV	EAX,DWORD [16+EBP]
   230 000001C4 FF 46 0C                        	INC	DWORD [12+ESI]
   231 000001C7 01 46 08                        	ADD	DWORD [8+ESI],EAX
   232 000001CA 83 C8 FF                        	OR	EAX,-1
   233 000001CD EB ED                           	JMP	L33
   234 000001CF                                 L64:
   235 000001CF 8B 45 0C                        	MOV	EAX,DWORD [12+EBP]
   236 000001D2 89 44 DE 10                     	MOV	DWORD [16+ESI+EBX*8],EAX
   237 000001D6 8B 45 10                        	MOV	EAX,DWORD [16+EBP]
   238 000001D9 01 44 DE 14                     	ADD	DWORD [20+ESI+EBX*8],EAX
   239 000001DD EB DB                           	JMP	L62
   240 000001DF                                 L63:
   241 000001DF 03 55 10                        	ADD	EDX,DWORD [16+EBP]
   242 000001E2 89 54 DE 0C                     	MOV	DWORD [12+ESI+EBX*8],EDX
   243 000001E6 3B 1E                           	CMP	EBX,DWORD [ESI]
   244 000001E8 7D D0                           	JGE	L62
   245 000001EA 8B 45 0C                        	MOV	EAX,DWORD [12+EBP]
   246 000001ED 03 45 10                        	ADD	EAX,DWORD [16+EBP]
   247 000001F0 3B 44 DE 10                     	CMP	EAX,DWORD [16+ESI+EBX*8]
   248 000001F4 75 C4                           	JNE	L62
   249 000001F6 03 54 DE 14                     	ADD	EDX,DWORD [20+ESI+EBX*8]
   250 000001FA 89 54 DE 0C                     	MOV	DWORD [12+ESI+EBX*8],EDX
   251 000001FE 8B 06                           	MOV	EAX,DWORD [ESI]
   252 00000200 48                              	DEC	EAX
   253 00000201 89 06                           	MOV	DWORD [ESI],EAX
   254 00000203 39 C3                           	CMP	EBX,EAX
   255 00000205 7D B3                           	JGE	L62
   256 00000207 89 C1                           	MOV	ECX,EAX
   257 00000209                                 L48:
   258 00000209 8B 44 DE 18                     	MOV	EAX,DWORD [24+ESI+EBX*8]
   259 0000020D 8B 54 DE 1C                     	MOV	EDX,DWORD [28+ESI+EBX*8]
   260 00000211 89 44 DE 10                     	MOV	DWORD [16+ESI+EBX*8],EAX
   261 00000215 89 54 DE 14                     	MOV	DWORD [20+ESI+EBX*8],EDX
   262 00000219 43                              	INC	EBX
   263 0000021A 39 CB                           	CMP	EBX,ECX
   264 0000021C 7C EB                           	JL	L48
   265 0000021E EB 9A                           	JMP	L62
   266 00000220                                 	GLOBAL	_memman_alloc_4k
   267 00000220                                 _memman_alloc_4k:
   268 00000220 55                              	PUSH	EBP
   269 00000221 89 E5                           	MOV	EBP,ESP
   270 00000223 8B 45 0C                        	MOV	EAX,DWORD [12+EBP]
   271 00000226 05 00000FFF                     	ADD	EAX,4095
   272 0000022B 25 FFFFF000                     	AND	EAX,-4096
   273 00000230 89 45 0C                        	MOV	DWORD [12+EBP],EAX
   274 00000233 5D                              	POP	EBP
   275 00000234 E9 FFFFFE86                     	JMP	_memman_alloc
   276 00000239                                 	GLOBAL	_memman_free_4k
   277 00000239                                 _memman_free_4k:
   278 00000239 55                              	PUSH	EBP
   279 0000023A 89 E5                           	MOV	EBP,ESP
   280 0000023C 8B 45 10                        	MOV	EAX,DWORD [16+EBP]
   281 0000023F 05 00000FFF                     	ADD	EAX,4095
   282 00000244 25 FFFFF000                     	AND	EAX,-4096
   283 00000249 89 45 10                        	MOV	DWORD [16+EBP],EAX
   284 0000024C 5D                              	POP	EBP
   285 0000024D E9 FFFFFEE8                     	JMP	_memman_free
